 render3d

 Timestamp is 5c837924 (Sat Mar  9 10:28:20 2019)

 Preferred load address is 0000000180000000

 Start         Length     Name                   Class
 0001:00000000 000001e0H .text                   CODE
 0001:000001e0 00009e70H .text$mn                CODE
 0001:0000a050 00000020H .text$mn$00             CODE
 0001:0000a070 00000340H .text$x                 CODE
 0002:00000000 00000230H .idata$5                DATA
 0002:00000230 00000010H .00cfg                  DATA
 0002:00000240 00000008H .CRT$XCA                DATA
 0002:00000248 00000008H .CRT$XCZ                DATA
 0002:00000250 00000008H .CRT$XIA                DATA
 0002:00000258 00000018H .CRT$XIC                DATA
 0002:00000270 00000008H .CRT$XIZ                DATA
 0002:00000278 00000008H .CRT$XPA                DATA
 0002:00000280 00000010H .CRT$XPX                DATA
 0002:00000290 00000008H .CRT$XPXA               DATA
 0002:00000298 00000008H .CRT$XPZ                DATA
 0002:000002a0 00000008H .CRT$XTA                DATA
 0002:000002a8 00000008H .CRT$XTZ                DATA
 0002:000002b0 00006ff8H .rdata                  DATA
 0002:000072a8 00000000H .rdata$r                DATA
 0002:000072a8 00000010H .rdata$zETW0            DATA
 0002:000072b8 00000077H .rdata$zETW1            DATA
 0002:0000732f 0000002cH .rdata$zETW2            DATA
 0002:0000735b 00000001H .rdata$zETW9            DATA
 0002:0000735c 0000033cH .rdata$zzzdbg           DATA
 0002:00007698 00000008H .rtc$IAA                DATA
 0002:000076a0 00000008H .rtc$IZZ                DATA
 0002:000076a8 00000008H .rtc$TAA                DATA
 0002:000076b0 00000008H .rtc$TZZ                DATA
 0002:000076b8 00001148H .xdata                  DATA
 0002:00008800 00000048H .edata                  DATA
 0002:00008848 00000028H .idata$2                DATA
 0002:00008870 00000018H .idata$3                DATA
 0002:00008888 00000230H .idata$4                DATA
 0002:00008ab8 0000051aH .idata$6                DATA
 0003:00000000 00000930H .data                   DATA
 0003:00000930 00000000H .data$r                 DATA
 0003:00000930 000011d8H .bss                    DATA
 0004:00000000 00000d50H .pdata                  DATA
 0005:00000000 00000080H .gfids$x                DATA
 0005:00000080 0000001cH .gfids$y                DATA

  Address         Publics by Value              Rva+Base               Lib:Object

 0000:00000000       __guard_iat_count          0000000000000000     <absolute>
 0000:00000000       __dynamic_value_reloc_table 0000000000000000     <absolute>
 0000:00000000       __guard_iat_table          0000000000000000     <absolute>
 0000:00000000       __guard_longjmp_table      0000000000000000     <absolute>
 0000:00000000       __guard_longjmp_count      0000000000000000     <absolute>
 0000:00000000       __guard_fids_count         0000000000000000     <absolute>
 0000:00000000       ___safe_se_handler_table   0000000000000000     <absolute>
 0000:00000000       ___safe_se_handler_count   0000000000000000     <absolute>
 0000:00000000       __guard_fids_table         0000000000000000     <absolute>
 0000:00000100       __guard_flags              0000000000000100     <absolute>
 0000:00000000       __ImageBase                0000000180000000     <linker-defined>
 0001:00000000       ?TraceLoggingRegister@__vcrt_trace_logging_provider@@YAJPEBU_TlgProvider_t@1@PEBU_GUID@@P6AX1KE_K2PEAU_EVENT_FILTER_DESCRIPTOR@@PEAX@Z4@Z 0000000180001000 f i libvcruntime:telemetry.obj
 0001:0000007c       ?_TlgEnableCallback@__vcrt_trace_logging_provider@@YAXPEBU_GUID@@KE_K1PEAU_EVENT_FILTER_DESCRIPTOR@@PEAX@Z 000000018000107c f i libvcruntime:telemetry.obj
 0001:00000140       ?_TlgWrite@__vcrt_trace_logging_provider@@YAJPEBU_TlgProvider_t@1@PEFBXPEBU_GUID@@2IPEAU_EVENT_DATA_DESCRIPTOR@@@Z 0000000180001140 f i libvcruntime:telemetry.obj
 0001:000001e0       ?go_game@@YAXPEAUInput@@PEAUGameMemory@@P6A_NPEADPEAUMemoryBuffer@@PEAHPEAPEAX@Z@Z 00000001800011e0 f   game.obj
 0001:00000554       _DllMainCRTStartup         0000000180001554 f   LIBCMT:dll_dllmain.obj
 0001:00000594       __scrt_acquire_startup_lock 0000000180001594 f   LIBCMT:utility.obj
 0001:000005d0       __scrt_dllmain_after_initialize_c 00000001800015d0 f   LIBCMT:utility.obj
 0001:00000604       __scrt_dllmain_before_initialize_c 0000000180001604 f   LIBCMT:utility.obj
 0001:0000061c       __scrt_dllmain_crt_thread_attach 000000018000161c f   LIBCMT:utility.obj
 0001:00000644       __scrt_dllmain_crt_thread_detach 0000000180001644 f   LIBCMT:utility.obj
 0001:0000065c       __scrt_dllmain_exception_filter 000000018000165c f   LIBCMT:utility.obj
 0001:000006c0       __scrt_dllmain_uninitialize_c 00000001800016c0 f   LIBCMT:utility.obj
 0001:000006f0       __scrt_dllmain_uninitialize_critical 00000001800016f0 f   LIBCMT:utility.obj
 0001:00000704       __scrt_initialize_crt      0000000180001704 f   LIBCMT:utility.obj
 0001:00000750       __scrt_initialize_onexit_tables 0000000180001750 f   LIBCMT:utility.obj
 0001:0000081c       __scrt_is_nonwritable_in_current_image 000000018000181c f   LIBCMT:utility.obj
 0001:000008b8       __scrt_release_startup_lock 00000001800018b8 f   LIBCMT:utility.obj
 0001:000008dc       __scrt_uninitialize_crt    00000001800018dc f   LIBCMT:utility.obj
 0001:00000908       _onexit                    0000000180001908 f   LIBCMT:utility.obj
 0001:00000958       atexit                     0000000180001958 f   LIBCMT:utility.obj
 0001:00000970       __security_init_cookie     0000000180001970 f   LIBCMT:gs_support.obj
 0001:00000a1c       DllMain                    0000000180001a1c f   LIBCMT:dll_dllmain_stub.obj
 0001:00000a24       ?__scrt_initialize_type_info@@YAXXZ 0000000180001a24 f   LIBCMT:tncleanup.obj
 0001:00000a34       ?__scrt_uninitialize_type_info@@YAXXZ 0000000180001a34 f   LIBCMT:tncleanup.obj
 0001:00000a40       __local_stdio_printf_options 0000000180001a40 f i LIBCMT:default_local_stdio_options.obj
 0001:00000a48       __local_stdio_scanf_options 0000000180001a48 f i LIBCMT:default_local_stdio_options.obj
 0001:00000a50       __scrt_initialize_default_local_stdio_options 0000000180001a50 f   LIBCMT:default_local_stdio_options.obj
 0001:00000a6c       __scrt_get_dyn_tls_init_callback 0000000180001a6c f   LIBCMT:dyn_tls_init.obj
 0001:00000a74       __crt_debugger_hook        0000000180001a74 f   LIBCMT:utility_desktop.obj
 0001:00000a7c       __scrt_fastfail            0000000180001a7c f   LIBCMT:utility_desktop.obj
 0001:00000bc4       _RTC_Initialize            0000000180001bc4 f   LIBCMT:_initsect_.obj
 0001:00000c10       _RTC_Terminate             0000000180001c10 f   LIBCMT:_initsect_.obj
 0001:00000c5c       _guard_check_icall         0000000180001c5c f i LIBCMT:checkcfg.obj
 0001:00000c64       __isa_available_init       0000000180001c64 f   LIBCMT:_cpu_disp_.obj
 0001:00000e28       _get_startup_argv_mode     0000000180001e28 f   LIBCMT:argv_mode.obj
 0001:00000e30       __scrt_is_ucrt_dll_in_use  0000000180001e30 f   LIBCMT:ucrt_detection.obj
 0001:00000e3c       _guard_check_icall_nop     0000000180001e3c f i LIBCMT:guard_support.obj
 0001:00000e44       __telemetry_main_invoke_trigger 0000000180001e44 f   libvcruntime:telemetry.obj
 0001:00000f5c       __telemetry_main_return_trigger 0000000180001f5c f   libvcruntime:telemetry.obj
 0001:00001074       __vcrt_initialize_telemetry_provider 0000000180002074 f   libvcruntime:telemetry.obj
 0001:00001088       __vcrt_uninitialize_telemetry_provider 0000000180002088 f   libvcruntime:telemetry.obj
 0001:000010a8       __C_specific_handler       00000001800020a8 f   libvcruntime:_chandler_.obj
 0001:000012a4       __vcrt_initialize          00000001800022a4 f   libvcruntime:initialization.obj
 0001:000012dc       __vcrt_thread_attach       00000001800022dc f   libvcruntime:initialization.obj
 0001:000012f0       __vcrt_thread_detach       00000001800022f0 f   libvcruntime:initialization.obj
 0001:00001304       __vcrt_uninitialize        0000000180002304 f   libvcruntime:initialization.obj
 0001:00001330       __vcrt_uninitialize_critical 0000000180002330 f   libvcruntime:initialization.obj
 0001:00001340       __std_type_info_destroy_list 0000000180002340 f   libvcruntime:std_type_info.obj
 0001:00001380       memset                     0000000180002380 f   libvcruntime:memset.obj
 0001:000016e8       __vcrt_EventRegister       00000001800026e8 f   libvcruntime:winapi_downlevel.obj
 0001:0000176c       __vcrt_EventSetInformation 000000018000276c f   libvcruntime:winapi_downlevel.obj
 0001:000017f0       __vcrt_EventUnregister     00000001800027f0 f   libvcruntime:winapi_downlevel.obj
 0001:00001844       __vcrt_EventWriteTransfer  0000000180002844 f   libvcruntime:winapi_downlevel.obj
 0001:000018dc       __vcrt_FlsAlloc            00000001800028dc f   libvcruntime:winapi_downlevel.obj
 0001:00001930       __vcrt_FlsFree             0000000180002930 f   libvcruntime:winapi_downlevel.obj
 0001:00001984       __vcrt_FlsGetValue         0000000180002984 f   libvcruntime:winapi_downlevel.obj
 0001:000019d8       __vcrt_FlsSetValue         00000001800029d8 f   libvcruntime:winapi_downlevel.obj
 0001:00001a40       __vcrt_InitializeCriticalSectionEx 0000000180002a40 f   libvcruntime:winapi_downlevel.obj
 0001:00001ab8       __vcrt_initialize_winapi_thunks 0000000180002ab8 f   libvcruntime:winapi_downlevel.obj
 0001:00001af0       __vcrt_uninitialize_winapi_thunks 0000000180002af0 f   libvcruntime:winapi_downlevel.obj
 0001:00001b40       _local_unwind              0000000180002b40 f   libvcruntime:_jmpuwind_.obj
 0001:00001b70       _NLG_Notify                0000000180002b70 f   libvcruntime:_jmpuwind_.obj
 0001:00001b90       __NLG_Dispatch2            0000000180002b90 f   libvcruntime:_jmpuwind_.obj
 0001:00001ba0       __NLG_Return2              0000000180002ba0 f   libvcruntime:_jmpuwind_.obj
 0001:00001ba4       __except_validate_context_record 0000000180002ba4 f   libvcruntime:jbcxrval.obj
 0001:00001ba8       __vcrt_freefls             0000000180002ba8 f   libvcruntime:per_thread_data.obj
 0001:00001bc8       __vcrt_freeptd             0000000180002bc8 f   libvcruntime:per_thread_data.obj
 0001:00001c18       __vcrt_getptd_noexit       0000000180002c18 f   libvcruntime:per_thread_data.obj
 0001:00001cd0       __vcrt_initialize_ptd      0000000180002cd0 f   libvcruntime:per_thread_data.obj
 0001:00001d10       __vcrt_uninitialize_ptd    0000000180002d10 f   libvcruntime:per_thread_data.obj
 0001:00001d34       __vcrt_initialize_locks    0000000180002d34 f   libvcruntime:locks.obj
 0001:00001d7c       __vcrt_uninitialize_locks  0000000180002d7c f   libvcruntime:locks.obj
 0001:00001db4       __vcrt_initialize_pure_virtual_call_handler 0000000180002db4 f   libvcruntime:purevirt_data.obj
 0001:00001dd8       _initterm                  0000000180002dd8 f   libucrt:initterm.obj
 0001:00001e50       _initterm_e                0000000180002e50 f   libucrt:initterm.obj
 0001:00001e9c       _seh_filter_dll            0000000180002e9c f   libucrt:exception_filter.obj
 0001:00001eb0       _seh_filter_exe            0000000180002eb0 f   libucrt:exception_filter.obj
 0001:00002270       __acrt_initialize_thread_local_exit_callback 0000000180003270 f   libucrt:exit.obj
 0001:00002278       _cexit                     0000000180003278 f   libucrt:exit.obj
 0001:00002288       _exit                      0000000180003288 f   libucrt:exit.obj
 0001:00002294       _is_c_termination_complete 0000000180003294 f   libucrt:exit.obj
 0001:00002458       __acrt_allocate_buffer_for_argv 0000000180003458 f   libucrt:argv_parsing.obj
 0001:000024bc       _configure_narrow_argv     00000001800034bc f   libucrt:argv_parsing.obj
 0001:0000285c       __dcrt_uninitialize_environments_nolock 000000018000385c f   libucrt:environment_initialization.obj
 0001:00002894       _initialize_narrow_environment 0000000180003894 f   libucrt:environment_initialization.obj
 0001:0000289c       ??$?RV<lambda_b8c45f8f788dd370798f47cfe8ac3a86>@@AEAV<lambda_4e60a939b0d047cfe11ddc22648dfba9>@@V<lambda_332c3edc96d0294ec56c57d38c1cdfd5>@@@?$__crt_seh_guarded_call@H@@QEAAH$$QEAV<lambda_b8c45f8f788dd370798f47cfe8ac3a86>@@AEAV<lambda_4e60a939b0d047cfe11ddc22648dfba9>@@$$QEAV<lambda_332c3edc96d0294ec56c57d38c1cdfd5>@@@Z 000000018000389c f i libucrt:onexit.obj
 0001:000028d8       ??$?RV<lambda_e24bbb7b643b32fcea6fa61b31d4c984>@@AEAV<lambda_275893d493268fdec8709772e3fcec0e>@@V<lambda_9d71df4d7cf3f480f8d633942495c3b0>@@@?$__crt_seh_guarded_call@H@@QEAAH$$QEAV<lambda_e24bbb7b643b32fcea6fa61b31d4c984>@@AEAV<lambda_275893d493268fdec8709772e3fcec0e>@@$$QEAV<lambda_9d71df4d7cf3f480f8d633942495c3b0>@@@Z 00000001800038d8 f i libucrt:onexit.obj
 0001:00002c54       _crt_atexit                0000000180003c54 f   libucrt:onexit.obj
 0001:00002c64       _execute_onexit_table      0000000180003c64 f   libucrt:onexit.obj
 0001:00002ca0       _initialize_onexit_table   0000000180003ca0 f   libucrt:onexit.obj
 0001:00002ce0       _register_onexit_function  0000000180003ce0 f   libucrt:onexit.obj
 0001:00002e70       __acrt_initialize          0000000180003e70 f   libucrt:initialization.obj
 0001:00002e84       __acrt_thread_attach       0000000180003e84 f   libucrt:initialization.obj
 0001:00002e98       __acrt_thread_detach       0000000180003e98 f   libucrt:initialization.obj
 0001:00002ea8       __acrt_uninitialize        0000000180003ea8 f   libucrt:initialization.obj
 0001:00002ebc       __acrt_uninitialize_critical 0000000180003ebc f   libucrt:initialization.obj
 0001:00002ecc       terminate                  0000000180003ecc f   libucrt:terminate.obj
 0001:00002ef4       _free_base                 0000000180003ef4 f   libucrt:free_base.obj
 0001:00002f34       _malloc_base               0000000180003f34 f   libucrt:malloc_base.obj
 0001:00002f94       strcpy_s                   0000000180003f94 f   libucrt:strcpy_s.obj
 0001:00002ff4       abort                      0000000180003ff4 f   libucrt:abort.obj
 0001:0000304c       _calloc_base               000000018000404c f   libucrt:calloc_base.obj
 0001:000030c4       ??0_LocaleUpdate@@QEAA@QEAU__crt_locale_pointers@@@Z 00000001800040c4 f i libucrt:output.obj
 0001:00003154       ??$?RV<lambda_46352004c1216016012b18bd6f87e700>@@AEAV<lambda_3bd07e1a1191394380780325891bf33f>@@V<lambda_334532d3f185bcaa59b5be82d7d22bff>@@@?$__crt_seh_guarded_call@X@@QEAAX$$QEAV<lambda_46352004c1216016012b18bd6f87e700>@@AEAV<lambda_3bd07e1a1191394380780325891bf33f>@@$$QEAV<lambda_334532d3f185bcaa59b5be82d7d22bff>@@@Z 0000000180004154 f i libucrt:per_thread_data.obj
 0001:000031b4       ??$?RV<lambda_5e887d1dcbef67a5eb4283622ba103bf>@@AEAV<lambda_4466841279450cc726390878d4a41900>@@V<lambda_341c25c0346d94847f1f3c463c57e077>@@@?$__crt_seh_guarded_call@X@@QEAAX$$QEAV<lambda_5e887d1dcbef67a5eb4283622ba103bf>@@AEAV<lambda_4466841279450cc726390878d4a41900>@@$$QEAV<lambda_341c25c0346d94847f1f3c463c57e077>@@@Z 00000001800041b4 f i libucrt:per_thread_data.obj
 0001:000031fc       ??$?RV<lambda_72d1df2b273a38828b1ce30cbf4cdab5>@@AEAV<lambda_876a65b173b8412d3a47c70a915b0cf4>@@V<lambda_41932305e351933ebe8f8be3ed8bb5dc>@@@?$__crt_seh_guarded_call@X@@QEAAX$$QEAV<lambda_72d1df2b273a38828b1ce30cbf4cdab5>@@AEAV<lambda_876a65b173b8412d3a47c70a915b0cf4>@@$$QEAV<lambda_41932305e351933ebe8f8be3ed8bb5dc>@@@Z 00000001800041fc f i libucrt:per_thread_data.obj
 0001:0000323c       ??$?RV<lambda_fb3a7dec4e47f37f22dae91bb15c9095>@@AEAV<lambda_698284760c8add0bfb0756c19673e34b>@@V<lambda_dfb8eca1e75fef3034a8fb18dd509707>@@@?$__crt_seh_guarded_call@X@@QEAAX$$QEAV<lambda_fb3a7dec4e47f37f22dae91bb15c9095>@@AEAV<lambda_698284760c8add0bfb0756c19673e34b>@@$$QEAV<lambda_dfb8eca1e75fef3034a8fb18dd509707>@@@Z 000000018000423c f i libucrt:per_thread_data.obj
 0001:000034cc       __acrt_freeptd             00000001800044cc f   libucrt:per_thread_data.obj
 0001:00003510       __acrt_getptd              0000000180004510 f   libucrt:per_thread_data.obj
 0001:000035a4       __acrt_getptd_noexit       00000001800045a4 f   libucrt:per_thread_data.obj
 0001:00003644       __acrt_initialize_ptd      0000000180004644 f   libucrt:per_thread_data.obj
 0001:00003680       __acrt_uninitialize_ptd    0000000180004680 f   libucrt:per_thread_data.obj
 0001:000036a4       __acrt_initialize_locks    00000001800046a4 f   libucrt:locks.obj
 0001:000036ec       __acrt_lock                00000001800046ec f   libucrt:locks.obj
 0001:00003708       __acrt_uninitialize_locks  0000000180004708 f   libucrt:locks.obj
 0001:00003740       __acrt_unlock              0000000180004740 f   libucrt:locks.obj
 0001:000038fc       __acrt_FlsAlloc            00000001800048fc f   libucrt:winapi_thunks.obj
 0001:00003954       __acrt_FlsFree             0000000180004954 f   libucrt:winapi_thunks.obj
 0001:000039ac       __acrt_FlsGetValue         00000001800049ac f   libucrt:winapi_thunks.obj
 0001:00003a04       __acrt_FlsSetValue         0000000180004a04 f   libucrt:winapi_thunks.obj
 0001:00003a6c       __acrt_InitializeCriticalSectionEx 0000000180004a6c f   libucrt:winapi_thunks.obj
 0001:00003ae4       __acrt_LCMapStringEx       0000000180004ae4 f   libucrt:winapi_thunks.obj
 0001:00003bd4       __acrt_LocaleNameToLCID    0000000180004bd4 f   libucrt:winapi_thunks.obj
 0001:00003c3c       __acrt_initialize_winapi_thunks 0000000180004c3c f   libucrt:winapi_thunks.obj
 0001:00003c74       __acrt_is_packaged_app     0000000180004c74 f   libucrt:winapi_thunks.obj
 0001:00003cfc       __acrt_uninitialize_winapi_thunks 0000000180004cfc f   libucrt:winapi_thunks.obj
 0001:00003d40       __acrt_call_reportfault    0000000180004d40 f   libucrt:invalid_parameter.obj
 0001:00003e9c       __acrt_initialize_invalid_parameter_handler 0000000180004e9c f   libucrt:invalid_parameter.obj
 0001:00003ea4       _invalid_parameter         0000000180004ea4 f   libucrt:invalid_parameter.obj
 0001:00003f4c       _invalid_parameter_noinfo  0000000180004f4c f   libucrt:invalid_parameter.obj
 0001:00003f6c       _invoke_watson             0000000180004f6c f   libucrt:invalid_parameter.obj
 0001:00003fb4       __acrt_errno_from_os_error 0000000180004fb4 f   libucrt:errno.obj
 0001:00003ffc       __acrt_errno_map_os_error  0000000180004ffc f   libucrt:errno.obj
 0001:0000404c       __doserrno                 000000018000504c f   libucrt:errno.obj
 0001:0000406c       _errno                     000000018000506c f   libucrt:errno.obj
 0001:00004568       ?expand_if_necessary@?$argument_list@D@?A0xca0879c4@@AEAAHXZ 0000000180005568 f i libucrt:argv_wildcards.obj
 0001:00004630       __acrt_expand_narrow_argv_wildcards 0000000180005630 f   libucrt:argv_wildcards.obj
 0001:00004638       ??$?RV<lambda_99476a1ad63dd22509b5d3e65b0ffc95>@@AEAV<lambda_ad1ced32f4ac17aa236e5ef05d6b3b7c>@@V<lambda_f7424dd8d45958661754dc4f2697e9c3>@@@?$__crt_seh_guarded_call@X@@QEAAX$$QEAV<lambda_99476a1ad63dd22509b5d3e65b0ffc95>@@AEAV<lambda_ad1ced32f4ac17aa236e5ef05d6b3b7c>@@$$QEAV<lambda_f7424dd8d45958661754dc4f2697e9c3>@@@Z 0000000180005638 f i libucrt:mbctype.obj
 0001:00004d34       __acrt_initialize_multibyte 0000000180005d34 f   libucrt:mbctype.obj
 0001:00004d5c       __acrt_update_thread_multibyte_data 0000000180005d5c f   libucrt:mbctype.obj
 0001:00004e1c       _setmbcp_nolock            0000000180005e1c f   libucrt:mbctype.obj
 0001:0000513c       _ismbblead                 000000018000613c f   libucrt:ismbbyte.obj
 0001:00005150       __acrt_initialize_command_line 0000000180006150 f   libucrt:argv_data.obj
 0001:00005178       __acrt_uninitialize_command_line 0000000180006178 f   libucrt:argv_data.obj
 0001:0000517c       __dcrt_get_narrow_environment_from_os 000000018000617c f   libucrt:get_environment_from_os.obj
 0001:00005280       _recalloc                  0000000180006280 f   libucrt:recalloc.obj
 0001:00005288       _recalloc_base             0000000180006288 f   libucrt:recalloc.obj
 0001:00005320       __acrt_initialize_heap     0000000180006320 f   libucrt:heap_handle.obj
 0001:0000533c       __acrt_uninitialize_heap   000000018000633c f   libucrt:heap_handle.obj
 0001:00005530       __acrt_initialize_lowio    0000000180006530 f   libucrt:ioinit.obj
 0001:0000556c       __acrt_uninitialize_lowio  000000018000656c f   libucrt:ioinit.obj
 0001:000055ac       __acrt_execute_initializers 00000001800065ac f   libucrt:shared_initialization.obj
 0001:00005640       __acrt_execute_uninitializers 0000000180006640 f   libucrt:shared_initialization.obj
 0001:00005690       __acrt_initialize_new_handler 0000000180006690 f   libucrt:new_handler.obj
 0001:00005698       _callnewh                  0000000180006698 f   libucrt:new_handler.obj
 0001:000056d8       _query_new_handler         00000001800066d8 f   libucrt:new_handler.obj
 0001:0000570c       ??$?RV<lambda_c36588078e9f5dfd39652860aa6b3aaf>@@AEAV<lambda_ec61778202f4f5fc7e7711acc23c3bca>@@V<lambda_dc9d2797ccde5d239b4a0efae8ebd7db>@@@?$__crt_seh_guarded_call@P6AXH@Z@@QEAAP6AXH@Z$$QEAV<lambda_c36588078e9f5dfd39652860aa6b3aaf>@@AEAV<lambda_ec61778202f4f5fc7e7711acc23c3bca>@@$$QEAV<lambda_dc9d2797ccde5d239b4a0efae8ebd7db>@@@Z 000000018000670c f i libucrt:signal.obj
 0001:00005754       __acrt_get_sigabrt_handler 0000000180006754 f   libucrt:signal.obj
 0001:00005784       __acrt_initialize_signal_handlers 0000000180006784 f   libucrt:signal.obj
 0001:000057a4       raise                      00000001800067a4 f   libucrt:signal.obj
 0001:00005a40       __acrt_has_user_matherr    0000000180006a40 f   libucrt:matherr.obj
 0001:00005a60       __acrt_initialize_user_matherr 0000000180006a60 f   libucrt:matherr.obj
 0001:00005a68       __acrt_invoke_user_matherr 0000000180006a68 f   libucrt:matherr.obj
 0001:00005ab0       _query_new_mode            0000000180006ab0 f   libucrt:new_mode.obj
 0001:00005ab8       _mbtowc_l                  0000000180006ab8 f   libucrt:mbtowc.obj
 0001:00005c00       mbtowc                     0000000180006c00 f   libucrt:mbtowc.obj
 0001:00005c08       __acrt_update_locale_info  0000000180006c08 f   libucrt:locale_update.obj
 0001:00005c3c       __acrt_update_multibyte_info 0000000180006c3c f   libucrt:locale_update.obj
 0001:00005c70       _fileno                    0000000180006c70 f   libucrt:fileno.obj
 0001:00005c98       __acrt_initialize_stdio    0000000180006c98 f   libucrt:_file.obj
 0001:00005db8       __acrt_uninitialize_stdio  0000000180006db8 f   libucrt:_file.obj
 0001:00005e14       _lock_file                 0000000180006e14 f   libucrt:_file.obj
 0001:00005e20       _unlock_file               0000000180006e20 f   libucrt:_file.obj
 0001:00005e2c       __acrt_set_locale_changed  0000000180006e2c f   libucrt:wsetlocale.obj
 0001:00005e38       __acrt_uninitialize_locale 0000000180006e38 f   libucrt:wsetlocale.obj
 0001:00005e80       __pctype_func              0000000180006e80 f   libucrt:ctype.obj
 0001:00005eb0       __acrt_add_locale_ref      0000000180006eb0 f   libucrt:locale_refcounting.obj
 0001:00005f3c       __acrt_free_locale         0000000180006f3c f   libucrt:locale_refcounting.obj
 0001:000060b4       __acrt_locale_add_lc_time_reference 00000001800070b4 f   libucrt:locale_refcounting.obj
 0001:000060dc       __acrt_locale_free_lc_time_if_unreferenced 00000001800070dc f   libucrt:locale_refcounting.obj
 0001:00006114       __acrt_locale_release_lc_time_reference 0000000180007114 f   libucrt:locale_refcounting.obj
 0001:0000613c       __acrt_release_locale_ref  000000018000713c f   libucrt:locale_refcounting.obj
 0001:000061e4       __acrt_update_thread_locale_data 00000001800071e4 f   libucrt:locale_refcounting.obj
 0001:00006254       _updatetlocinfoEx_nolock   0000000180007254 f   libucrt:locale_refcounting.obj
 0001:00006384       __acrt_DownlevelLocaleNameToLCID 0000000180007384 f   libucrt:lcidtoname_downlevel.obj
 0001:00006490       qsort                      0000000180007490 f   libucrt:qsort.obj
 0001:000067c4       strncpy_s                  00000001800077c4 f   libucrt:strncpy_s.obj
 0001:00006898       strpbrk                    0000000180007898 f   libucrt:strpbrk.obj
 0001:00006938       _mbsdec                    0000000180007938 f   libucrt:mbsdec.obj
 0001:00006940       _mbsdec_l                  0000000180007940 f   libucrt:mbsdec.obj
 0001:000069f0       __acrt_GetStringTypeA      00000001800079f0 f   libucrt:getstringtypea.obj
 0001:00006f00       __acrt_LCMapStringA        0000000180007f00 f   libucrt:lcmapstringa.obj
 0001:00006f98       _msize                     0000000180007f98 f   libucrt:msize.obj
 0001:00006fd4       _realloc_base              0000000180007fd4 f   libucrt:realloc_base.obj
 0001:00007058       __acrt_lowio_create_handle_array 0000000180008058 f   libucrt:osfinfo.obj
 0001:000070f0       __acrt_lowio_destroy_handle_array 00000001800080f0 f   libucrt:osfinfo.obj
 0001:00007140       __acrt_lowio_ensure_fh_exists 0000000180008140 f   libucrt:osfinfo.obj
 0001:000071f8       __acrt_lowio_lock_fh       00000001800081f8 f   libucrt:osfinfo.obj
 0001:0000721c       __acrt_lowio_unlock_fh     000000018000821c f   libucrt:osfinfo.obj
 0001:00007240       _free_osfhnd               0000000180008240 f   libucrt:osfinfo.obj
 0001:000072fc       _get_osfhandle             00000001800082fc f   libucrt:osfinfo.obj
 0001:00007374       _isatty                    0000000180008374 f   libucrt:isatty.obj
 0001:000073d4       __acrt_stdio_flush_nolock  00000001800083d4 f   libucrt:fflush.obj
 0001:0000744c       _fflush_nolock             000000018000844c f   libucrt:fflush.obj
 0001:00007498       _flushall                  0000000180008498 f   libucrt:fflush.obj
 0001:00007588       _isleadbyte_l              0000000180008588 f i libucrt:_wctype.obj
 0001:000075c8       _fcloseall                 00000001800085c8 f   libucrt:closeall.obj
 0001:0000767c       __acrt_stdio_free_buffer_nolock 000000018000867c f   libucrt:_freebuf.obj
 0001:000076bc       __acrt_locale_free_monetary 00000001800086bc f   libucrt:initmon.obj
 0001:000077c8       __acrt_locale_free_numeric 00000001800087c8 f   libucrt:initnum.obj
 0001:0000788c       __acrt_locale_free_time    000000018000888c f   libucrt:inittime.obj
 0001:00007994       __strncnt                  0000000180008994 f   libucrt:strncnt.obj
 0001:000079ac       _query_app_type            00000001800089ac f   libucrt:report_runtime_error.obj
 0001:000079b4       ??$?RV<lambda_b521505b218e5242e90febf6bfebc422>@@AEAV<lambda_6978c1fb23f02e42e1d9e99668cc68aa>@@V<lambda_314360699dd331753a4119843814e9a7>@@@?$__crt_seh_guarded_call@H@@QEAAH$$QEAV<lambda_b521505b218e5242e90febf6bfebc422>@@AEAV<lambda_6978c1fb23f02e42e1d9e99668cc68aa>@@$$QEAV<lambda_314360699dd331753a4119843814e9a7>@@@Z 00000001800089b4 f i libucrt:commit.obj
 0001:00007a40       _commit                    0000000180008a40 f   libucrt:commit.obj
 0001:00008074       _write                     0000000180009074 f   libucrt:write.obj
 0001:00008160       _write_nolock              0000000180009160 f   libucrt:write.obj
 0001:00008450       log10                      0000000180009450 f   libucrt:log10.obj
 0001:00008a98       _lseeki64_nolock           0000000180009a98 f   libucrt:lseek.obj
 0001:00008aa0       _fclose_nolock             0000000180009aa0 f   libucrt:fclose.obj
 0001:00008b24       fclose                     0000000180009b24 f   libucrt:fclose.obj
 0001:00008b90       _putwch_nolock             0000000180009b90 f   libucrt:putwch.obj
 0001:00008d10       _handle_error              0000000180009d10 f   libucrt:libm_error.obj
 0001:00008e40       __acrt_initialize_fma3     0000000180009e40 f   libucrt:fma3_available.obj
 0001:00008eb0       _log10_special             0000000180009eb0 f   libucrt:log_special.obj
 0001:00008f68       ??$?RV<lambda_bfedae4ebbf01fab1bb6dcc6a9e276e0>@@AEAV<lambda_2fe9b910cf3cbf4a0ab98a02ba45b3ec>@@V<lambda_237c231691f317818eb88cc1d5d642d6>@@@?$__crt_seh_guarded_call@H@@QEAAH$$QEAV<lambda_bfedae4ebbf01fab1bb6dcc6a9e276e0>@@AEAV<lambda_2fe9b910cf3cbf4a0ab98a02ba45b3ec>@@$$QEAV<lambda_237c231691f317818eb88cc1d5d642d6>@@@Z 0000000180009f68 f i libucrt:close.obj
 0001:00008fdc       _close                     0000000180009fdc f   libucrt:close.obj
 0001:00009080       _close_nolock              000000018000a080 f   libucrt:close.obj
 0001:0000913c       ?__acrt_stdio_free_stream@@YAXV__crt_stdio_stream@@@Z 000000018000a13c f   libucrt:stream.obj
 0001:00009180       __dcrt_lowio_initialize_console_output 000000018000a180 f   libucrt:initcon.obj
 0001:000091bc       __dcrt_terminate_console_output 000000018000a1bc f   libucrt:initcon.obj
 0001:000091f0       _get_fpsr                  000000018000a1f0 f   libucrt:fpsr.obj
 0001:00009200       _set_fpsr                  000000018000a200 f   libucrt:fpsr.obj
 0001:0000920a       _fclrf                     000000018000a20a f   libucrt:fpsr.obj
 0001:0000921e       _frnd                      000000018000a21e f   libucrt:fpsr.obj
 0001:00009240       _raise_exc                 000000018000a240 f   libucrt:fpexcept.obj
 0001:00009268       _raise_exc_ex              000000018000a268 f   libucrt:fpexcept.obj
 0001:00009570       _set_errno_from_matherr    000000018000a570 f   libucrt:fpexcept.obj
 0001:000095a0       _clrfp                     000000018000a5a0 f   libucrt:fpctrl.obj
 0001:000095c0       _ctrlfp                    000000018000a5c0 f   libucrt:fpctrl.obj
 0001:0000963c       _set_statfp                000000018000a63c f   libucrt:fpctrl.obj
 0001:0000965c       _statfp                    000000018000a65c f   libucrt:fpctrl.obj
 0001:0000966e       IsProcessorFeaturePresent  000000018000a66e f   Kernel32:KERNEL32.dll
 0001:00009674       RtlUnwindEx                000000018000a674 f   Kernel32:KERNEL32.dll
 0001:0000967c       __GSHandlerCheck           000000018000a67c f   LIBCMT:_gshandler_.obj
 0001:0000969c       __GSHandlerCheckCommon     000000018000a69c f   LIBCMT:_gshandler_.obj
 0001:00009710       __security_check_cookie    000000018000a710 f   LIBCMT:_amdsecgs_.obj
 0001:00009740       _FindPESection             000000018000a740 f   LIBCMT:pesect.obj
 0001:00009790       _IsNonwritableInCurrentImage 000000018000a790 f   LIBCMT:pesect.obj
 0001:000097e0       _ValidateImageBase         000000018000a7e0 f   LIBCMT:pesect.obj
 0001:00009810       __raise_securityfailure    000000018000a810 f   LIBCMT:gs_report.obj
 0001:00009844       __report_gsfailure         000000018000a844 f   LIBCMT:gs_report.obj
 0001:00009918       __report_rangecheckfailure 000000018000a918 f   LIBCMT:gs_report.obj
 0001:0000992c       __report_securityfailure   000000018000a92c f   LIBCMT:gs_report.obj
 0001:00009ac0       __chkstk                   000000018000aac0 f   LIBCMT:_chkstk_.obj
 0001:00009ac0       _alloca_probe              000000018000aac0 f   LIBCMT:_chkstk_.obj
 0001:00009b12       SystemFunction036          000000018000ab12 f   advapi32:ADVAPI32.dll
 0001:00009b30       memmove                    000000018000ab30 f   libvcruntime:memcpy.obj
 0001:00009b30       memcpy                     000000018000ab30 f   libvcruntime:memcpy.obj
 0001:00009f80       memcmp                     000000018000af80 f   libvcruntime:memcmp.obj
 0001:0000a060       _guard_dispatch_icall_nop  000000018000b060 f   LIBCMT:_guard_dispatch_.obj
 0002:00000000       __imp_SystemFunction036    000000018000c000     advapi32:ADVAPI32.dll
 0002:00000008       \177ADVAPI32_NULL_THUNK_DATA 000000018000c008     advapi32:ADVAPI32.dll
 0002:00000010       __imp_GetCurrentThreadId   000000018000c010     Kernel32:KERNEL32.dll
 0002:00000018       __imp_GetSystemTimeAsFileTime 000000018000c018     Kernel32:KERNEL32.dll
 0002:00000020       __imp_InitializeSListHead  000000018000c020     Kernel32:KERNEL32.dll
 0002:00000028       __imp_RtlCaptureContext    000000018000c028     Kernel32:KERNEL32.dll
 0002:00000030       __imp_RtlLookupFunctionEntry 000000018000c030     Kernel32:KERNEL32.dll
 0002:00000038       __imp_RtlVirtualUnwind     000000018000c038     Kernel32:KERNEL32.dll
 0002:00000040       __imp_IsDebuggerPresent    000000018000c040     Kernel32:KERNEL32.dll
 0002:00000048       __imp_UnhandledExceptionFilter 000000018000c048     Kernel32:KERNEL32.dll
 0002:00000050       __imp_SetUnhandledExceptionFilter 000000018000c050     Kernel32:KERNEL32.dll
 0002:00000058       __imp_GetStartupInfoW      000000018000c058     Kernel32:KERNEL32.dll
 0002:00000060       __imp_IsProcessorFeaturePresent 000000018000c060     Kernel32:KERNEL32.dll
 0002:00000068       __imp_GetModuleHandleW     000000018000c068     Kernel32:KERNEL32.dll
 0002:00000070       __imp_GetLastError         000000018000c070     Kernel32:KERNEL32.dll
 0002:00000078       __imp_GetModuleFileNameW   000000018000c078     Kernel32:KERNEL32.dll
 0002:00000080       __imp_RtlUnwindEx          000000018000c080     Kernel32:KERNEL32.dll
 0002:00000088       __imp_InterlockedFlushSList 000000018000c088     Kernel32:KERNEL32.dll
 0002:00000090       __imp_InitializeCriticalSectionAndSpinCount 000000018000c090     Kernel32:KERNEL32.dll
 0002:00000098       __imp_TlsAlloc             000000018000c098     Kernel32:KERNEL32.dll
 0002:000000a0       __imp_TlsGetValue          000000018000c0a0     Kernel32:KERNEL32.dll
 0002:000000a8       __imp_TlsSetValue          000000018000c0a8     Kernel32:KERNEL32.dll
 0002:000000b0       __imp_TlsFree              000000018000c0b0     Kernel32:KERNEL32.dll
 0002:000000b8       __imp_FreeLibrary          000000018000c0b8     Kernel32:KERNEL32.dll
 0002:000000c0       __imp_GetProcAddress       000000018000c0c0     Kernel32:KERNEL32.dll
 0002:000000c8       __imp_LoadLibraryExW       000000018000c0c8     Kernel32:KERNEL32.dll
 0002:000000d0       __imp_SetLastError         000000018000c0d0     Kernel32:KERNEL32.dll
 0002:000000d8       __imp_EnterCriticalSection 000000018000c0d8     Kernel32:KERNEL32.dll
 0002:000000e0       __imp_LeaveCriticalSection 000000018000c0e0     Kernel32:KERNEL32.dll
 0002:000000e8       __imp_DeleteCriticalSection 000000018000c0e8     Kernel32:KERNEL32.dll
 0002:000000f0       __imp_GetCurrentProcess    000000018000c0f0     Kernel32:KERNEL32.dll
 0002:000000f8       __imp_ExitProcess          000000018000c0f8     Kernel32:KERNEL32.dll
 0002:00000100       __imp_TerminateProcess     000000018000c100     Kernel32:KERNEL32.dll
 0002:00000108       __imp_GetModuleHandleExW   000000018000c108     Kernel32:KERNEL32.dll
 0002:00000110       __imp_GetModuleFileNameA   000000018000c110     Kernel32:KERNEL32.dll
 0002:00000118       __imp_MultiByteToWideChar  000000018000c118     Kernel32:KERNEL32.dll
 0002:00000120       __imp_WideCharToMultiByte  000000018000c120     Kernel32:KERNEL32.dll
 0002:00000128       __imp_HeapFree             000000018000c128     Kernel32:KERNEL32.dll
 0002:00000130       __imp_HeapAlloc            000000018000c130     Kernel32:KERNEL32.dll
 0002:00000138       __imp_GetCurrentProcessId  000000018000c138     Kernel32:KERNEL32.dll
 0002:00000140       __imp_LCMapStringW         000000018000c140     Kernel32:KERNEL32.dll
 0002:00000148       __imp_FindClose            000000018000c148     Kernel32:KERNEL32.dll
 0002:00000150       __imp_FindFirstFileExA     000000018000c150     Kernel32:KERNEL32.dll
 0002:00000158       __imp_FindNextFileA        000000018000c158     Kernel32:KERNEL32.dll
 0002:00000160       __imp_IsValidCodePage      000000018000c160     Kernel32:KERNEL32.dll
 0002:00000168       __imp_GetACP               000000018000c168     Kernel32:KERNEL32.dll
 0002:00000170       __imp_GetOEMCP             000000018000c170     Kernel32:KERNEL32.dll
 0002:00000178       __imp_GetCPInfo            000000018000c178     Kernel32:KERNEL32.dll
 0002:00000180       __imp_GetCommandLineA      000000018000c180     Kernel32:KERNEL32.dll
 0002:00000188       __imp_GetCommandLineW      000000018000c188     Kernel32:KERNEL32.dll
 0002:00000190       __imp_GetEnvironmentStringsW 000000018000c190     Kernel32:KERNEL32.dll
 0002:00000198       __imp_FreeEnvironmentStringsW 000000018000c198     Kernel32:KERNEL32.dll
 0002:000001a0       __imp_GetProcessHeap       000000018000c1a0     Kernel32:KERNEL32.dll
 0002:000001a8       __imp_GetStdHandle         000000018000c1a8     Kernel32:KERNEL32.dll
 0002:000001b0       __imp_GetFileType          000000018000c1b0     Kernel32:KERNEL32.dll
 0002:000001b8       __imp_GetStringTypeW       000000018000c1b8     Kernel32:KERNEL32.dll
 0002:000001c0       __imp_HeapSize             000000018000c1c0     Kernel32:KERNEL32.dll
 0002:000001c8       __imp_HeapReAlloc          000000018000c1c8     Kernel32:KERNEL32.dll
 0002:000001d0       __imp_SetStdHandle         000000018000c1d0     Kernel32:KERNEL32.dll
 0002:000001d8       __imp_WriteFile            000000018000c1d8     Kernel32:KERNEL32.dll
 0002:000001e0       __imp_FlushFileBuffers     000000018000c1e0     Kernel32:KERNEL32.dll
 0002:000001e8       __imp_GetConsoleCP         000000018000c1e8     Kernel32:KERNEL32.dll
 0002:000001f0       __imp_GetConsoleMode       000000018000c1f0     Kernel32:KERNEL32.dll
 0002:000001f8       __imp_SetFilePointerEx     000000018000c1f8     Kernel32:KERNEL32.dll
 0002:00000200       __imp_CloseHandle          000000018000c200     Kernel32:KERNEL32.dll
 0002:00000208       __imp_WriteConsoleW        000000018000c208     Kernel32:KERNEL32.dll
 0002:00000210       __imp_CreateFileW          000000018000c210     Kernel32:KERNEL32.dll
 0002:00000218       __imp_RaiseException       000000018000c218     Kernel32:KERNEL32.dll
 0002:00000220       __imp_QueryPerformanceCounter 000000018000c220     Kernel32:KERNEL32.dll
 0002:00000228       \177KERNEL32_NULL_THUNK_DATA 000000018000c228     Kernel32:KERNEL32.dll
 0002:00000230       __guard_check_icall_fptr   000000018000c230     LIBCMT:guard_support.obj
 0002:00000238       __guard_dispatch_icall_fptr 000000018000c238     LIBCMT:guard_support.obj
 0002:00000240       __xc_a                     000000018000c240     LIBCMT:initializers.obj
 0002:00000248       __xc_z                     000000018000c248     LIBCMT:initializers.obj
 0002:00000250       __xi_a                     000000018000c250     LIBCMT:initializers.obj
 0002:00000258       __acrt_multibyte_initializer 000000018000c258     libucrt:multibyte_initializer.obj
 0002:00000260       __acrt_stdio_initializer   000000018000c260     libucrt:stdio_initializer.obj
 0002:00000268       __acrt_tran_fma3_initializer 000000018000c268     libucrt:fma3_initializer.obj
 0002:00000270       __xi_z                     000000018000c270     LIBCMT:initializers.obj
 0002:00000278       __xp_a                     000000018000c278     LIBCMT:initializers.obj
 0002:00000280       __acrt_locale_terminator   000000018000c280     libucrt:locale_initializer.obj
 0002:00000288       __dcrt_console_output_terminator 000000018000c288     libucrt:console_output_initializer.obj
 0002:00000290       __acrt_stdio_terminator    000000018000c290     libucrt:stdio_initializer.obj
 0002:00000298       __xp_z                     000000018000c298     LIBCMT:initializers.obj
 0002:000002a0       __xt_a                     000000018000c2a0     LIBCMT:initializers.obj
 0002:000002a8       __xt_z                     000000018000c2a8     LIBCMT:initializers.obj
 0002:000002b0       _pRawDllMain               000000018000c2b0     LIBCMT:dll_dllmain.obj
 0002:000002b0       _pDefaultRawDllMain        000000018000c2b0     LIBCMT:dll_dllmain.obj
 0002:000002b8       _Microsoft_CRTProvider     000000018000c2b8     libvcruntime:telemetry.obj
 0002:000002c0       ??_C@_00CNPNBAHC@?$AA@     000000018000c2c0     libvcruntime:telemetry.obj
 0002:000002c4       ??_C@_11LOCGONAA@?$AA?$AA@ 000000018000c2c4     libvcruntime:telemetry.obj
 0002:000002c8       ??_C@_0O@JEOPJOMI@Main?5Invoked?4?$AA@ 000000018000c2c8     libvcruntime:telemetry.obj
 0002:000002d8       ??_C@_0P@NEAEIBDO@Main?5Returned?4?$AA@ 000000018000c2d8     libvcruntime:telemetry.obj
 0002:00000308       ??_C@_1BC@DNHGCMLG@?$AAa?$AAd?$AAv?$AAa?$AAp?$AAi?$AA3?$AA2?$AA?$AA@ 000000018000c308     libvcruntime:winapi_downlevel.obj
 0002:00000320       ??_C@_1DM@KHCHBNEB@?$AAa?$AAp?$AAi?$AA?9?$AAm?$AAs?$AA?9?$AAw?$AAi?$AAn?$AA?9?$AAc?$AAo?$AAr?$AAe?$AA?9?$AAf?$AAi?$AAb?$AAe?$AAr?$AAs?$AA?9?$AAl?$AA1?$AA?9?$AA1?$AA?9?$AA1?$AA?$AA@ 000000018000c320     libvcruntime:winapi_downlevel.obj
 0002:00000360       ??_C@_1DK@LPPGFMPP@?$AAa?$AAp?$AAi?$AA?9?$AAm?$AAs?$AA?9?$AAw?$AAi?$AAn?$AA?9?$AAc?$AAo?$AAr?$AAe?$AA?9?$AAs?$AAy?$AAn?$AAc?$AAh?$AA?9?$AAl?$AA1?$AA?9?$AA2?$AA?9?$AA0?$AA?$AA@ 000000018000c360     libvcruntime:winapi_downlevel.obj
 0002:000003a0       ??_C@_1BC@GDMECMAK@?$AAk?$AAe?$AAr?$AAn?$AAe?$AAl?$AA3?$AA2?$AA?$AA@ 000000018000c3a0     libvcruntime:winapi_downlevel.obj
 0002:000003b8       ??_C@_0O@BAMBGLIE@EventRegister?$AA@ 000000018000c3b8     libvcruntime:winapi_downlevel.obj
 0002:000003d0       ??_C@_0BE@BJEEGHGK@EventSetInformation?$AA@ 000000018000c3d0     libvcruntime:winapi_downlevel.obj
 0002:000003e8       ??_C@_0BA@FAKLIPIC@EventUnregister?$AA@ 000000018000c3e8     libvcruntime:winapi_downlevel.obj
 0002:00000400       ??_C@_0BD@PKLHJPHD@EventWriteTransfer?$AA@ 000000018000c400     libvcruntime:winapi_downlevel.obj
 0002:00000420       ??_C@_08KNHFBNJ@FlsAlloc?$AA@ 000000018000c420     libvcruntime:winapi_downlevel.obj
 0002:00000438       ??_C@_07PEJMOBNF@FlsFree?$AA@ 000000018000c438     libvcruntime:winapi_downlevel.obj
 0002:00000448       ??_C@_0M@GDNOONDI@FlsGetValue?$AA@ 000000018000c448     libvcruntime:winapi_downlevel.obj
 0002:00000460       ??_C@_0M@JCPCPOEF@FlsSetValue?$AA@ 000000018000c460     libvcruntime:winapi_downlevel.obj
 0002:00000478       ??_C@_0BM@HCFOFFN@InitializeCriticalSectionEx?$AA@ 000000018000c478     libvcruntime:winapi_downlevel.obj
 0002:000007c0       ??_C@_08EHJDFFNH@__based?$CI?$AA@ 000000018000c7c0     libvcruntime:undname.obj
 0002:000007d0       ??_C@_07KOLFKCDI@__cdecl?$AA@ 000000018000c7d0     libvcruntime:undname.obj
 0002:000007d8       ??_C@_08GHMPAG@__pascal?$AA@ 000000018000c7d8     libvcruntime:undname.obj
 0002:000007e8       ??_C@_09IFJBGAPI@__stdcall?$AA@ 000000018000c7e8     libvcruntime:undname.obj
 0002:000007f8       ??_C@_0L@NPHFGOKO@__thiscall?$AA@ 000000018000c7f8     libvcruntime:undname.obj
 0002:00000808       ??_C@_0L@JMKHOMEK@__fastcall?$AA@ 000000018000c808     libvcruntime:undname.obj
 0002:00000818       ??_C@_0N@BCKKPABJ@__vectorcall?$AA@ 000000018000c818     libvcruntime:undname.obj
 0002:00000828       ??_C@_09HIJEGCPM@__clrcall?$AA@ 000000018000c828     libvcruntime:undname.obj
 0002:00000834       ??_C@_06GHPCKEAG@__eabi?$AA@ 000000018000c834     libvcruntime:undname.obj
 0002:00000840       ??_C@_07JOMMBBKO@__ptr64?$AA@ 000000018000c840     libvcruntime:undname.obj
 0002:00000848       ??_C@_0L@PILCLIHE@__restrict?$AA@ 000000018000c848     libvcruntime:undname.obj
 0002:00000858       ??_C@_0M@GFIIJFMG@__unaligned?$AA@ 000000018000c858     libvcruntime:undname.obj
 0002:00000868       ??_C@_09DHDLOLLB@restrict?$CI?$AA@ 000000018000c868     libvcruntime:undname.obj
 0002:00000874       ??_C@_04NIHEBCM@?5new?$AA@ 000000018000c874     libvcruntime:undname.obj
 0002:00000880       ??_C@_07FPCDHGMM@?5delete?$AA@ 000000018000c880     libvcruntime:undname.obj
 0002:00000888       ??_C@_01NEMOKFLO@?$DN?$AA@ 000000018000c888     libvcruntime:undname.obj
 0002:0000088c       ??_C@_02GPIOPFAK@?$DO?$DO?$AA@ 000000018000c88c     libvcruntime:undname.obj
 0002:00000890       ??_C@_02FODMEDOG@?$DM?$DM?$AA@ 000000018000c890     libvcruntime:undname.obj
 0002:00000894       ??_C@_01DCLJPIOD@?$CB?$AA@ 000000018000c894     libvcruntime:undname.obj
 0002:00000898       ??_C@_02EGOFBIJA@?$DN?$DN?$AA@ 000000018000c898     libvcruntime:undname.obj
 0002:0000089c       ??_C@_02FDNJECIE@?$CB?$DN?$AA@ 000000018000c89c     libvcruntime:undname.obj
 0002:000008a0       ??_C@_02GPECMEKF@?$FL?$FN?$AA@ 000000018000c8a0     libvcruntime:undname.obj
 0002:000008a8       ??_C@_08LHJFAFGD@operator?$AA@ 000000018000c8a8     libvcruntime:undname.obj
 0002:000008b4       ??_C@_02HBOOOICD@?9?$DO?$AA@ 000000018000c8b4     libvcruntime:undname.obj
 0002:000008b8       ??_C@_01NBENCBCI@?$CK?$AA@ 000000018000c8b8     libvcruntime:undname.obj
 0002:000008bc       ??_C@_02ECNGHCIF@?$CL?$CL?$AA@ 000000018000c8bc     libvcruntime:undname.obj
 0002:000008c0       ??_C@_02BAABKJLB@?9?9?$AA@ 000000018000c8c0     libvcruntime:undname.obj
 0002:000008c4       ??_C@_01JOAMLHOP@?9?$AA@   000000018000c8c4     libvcruntime:undname.obj
 0002:000008c8       ??_C@_01MIFGBAGJ@?$CL?$AA@ 000000018000c8c8     libvcruntime:undname.obj
 0002:000008cc       ??_C@_01HNPIGOCE@?$CG?$AA@ 000000018000c8cc     libvcruntime:undname.obj
 0002:000008d0       ??_C@_03MNHNFDLC@?9?$DO?$CK?$AA@ 000000018000c8d0     libvcruntime:undname.obj
 0002:000008d4       ??_C@_01KMDKNFGN@?1?$AA@   000000018000c8d4     libvcruntime:undname.obj
 0002:000008d8       ??_C@_01FGNFDNOH@?$CF?$AA@ 000000018000c8d8     libvcruntime:undname.obj
 0002:000008dc       ??_C@_01MNNFJEPP@?$DM?$AA@ 000000018000c8dc     libvcruntime:undname.obj
 0002:000008e0       ??_C@_02EHCHHCKH@?$DM?$DN?$AA@ 000000018000c8e0     libvcruntime:undname.obj
 0002:000008e4       ??_C@_01PPODPGHN@?$DO?$AA@ 000000018000c8e4     libvcruntime:undname.obj
 0002:000008e8       ??_C@_02EEKDKGMJ@?$DO?$DN?$AA@ 000000018000c8e8     libvcruntime:undname.obj
 0002:000008ec       ??_C@_01IHBHIGKO@?0?$AA@   000000018000c8ec     libvcruntime:undname.obj
 0002:000008f0       ??_C@_02HCKGKOFO@?$CI?$CJ?$AA@ 000000018000c8f0     libvcruntime:undname.obj
 0002:000008f4       ??_C@_01PJKLJHI@?$HO?$AA@  000000018000c8f4     libvcruntime:undname.obj
 0002:000008f8       ??_C@_01JKBOJNNK@?$FO?$AA@ 000000018000c8f8     libvcruntime:undname.obj
 0002:000008fc       ??_C@_01DNKMNLPK@?$HM?$AA@ 000000018000c8fc     libvcruntime:undname.obj
 0002:00000900       ??_C@_02PPKAJPJL@?$CG?$CG?$AA@ 000000018000c900     libvcruntime:undname.obj
 0002:00000904       ??_C@_02NONPIBCD@?$HM?$HM?$AA@ 000000018000c904     libvcruntime:undname.obj
 0002:00000908       ??_C@_02FPIMKNGF@?$CK?$DN?$AA@ 000000018000c908     libvcruntime:undname.obj
 0002:0000090c       ??_C@_02FOEOMHFC@?$CL?$DN?$AA@ 000000018000c90c     libvcruntime:undname.obj
 0002:00000910       ??_C@_02FKMDLLOA@?9?$DN?$AA@ 000000018000c910     libvcruntime:undname.obj
 0002:00000914       ??_C@_02FJEHGPIO@?1?$DN?$AA@ 000000018000c914     libvcruntime:undname.obj
 0002:00000918       ??_C@_02FENAOKFI@?$CF?$DN?$AA@ 000000018000c918     libvcruntime:undname.obj
 0002:0000091c       ??_C@_03IKFCCPFF@?$DO?$DO?$DN?$AA@ 000000018000c91c     libvcruntime:undname.obj
 0002:00000920       ??_C@_03CDNPDDLA@?$DM?$DM?$DN?$AA@ 000000018000c920     libvcruntime:undname.obj
 0002:00000924       ??_C@_02FGJGFEAB@?$CG?$DN?$AA@ 000000018000c924     libvcruntime:undname.obj
 0002:00000928       ??_C@_02DHLNPPGH@?$HM?$DN?$AA@ 000000018000c928     libvcruntime:undname.obj
 0002:0000092c       ??_C@_02MHEGNOJ@?$FO?$DN?$AA@ 000000018000c92c     libvcruntime:undname.obj
 0002:00000930       ??_C@_09IFPLHPGF@?$GAvftable?8?$AA@ 000000018000c930     libvcruntime:undname.obj
 0002:00000940       ??_C@_09BLBHBJP@?$GAvbtable?8?$AA@ 000000018000c940     libvcruntime:undname.obj
 0002:00000950       ??_C@_07FEEIOKP@?$GAvcall?8?$AA@ 000000018000c950     libvcruntime:undname.obj
 0002:00000958       ??_C@_08LLFFHHDJ@?$GAtypeof?8?$AA@ 000000018000c958     libvcruntime:undname.obj
 0002:00000968       ??_C@_0BF@KDPPACIK@?$GAlocal?5static?5guard?8?$AA@ 000000018000c968     libvcruntime:undname.obj
 0002:00000980       ??_C@_08OBABFOLI@?$GAstring?8?$AA@ 000000018000c980     libvcruntime:undname.obj
 0002:00000990       ??_C@_0BD@JDLKDPAB@?$GAvbase?5destructor?8?$AA@ 000000018000c990     libvcruntime:undname.obj
 0002:000009a8       ??_C@_0BN@DEGPLNFK@?$GAvector?5deleting?5destructor?8?$AA@ 000000018000c9a8     libvcruntime:undname.obj
 0002:000009c8       ??_C@_0BO@OBMKPJIG@?$GAdefault?5constructor?5closure?8?$AA@ 000000018000c9c8     libvcruntime:undname.obj
 0002:000009e8       ??_C@_0BN@IMDCHIKM@?$GAscalar?5deleting?5destructor?8?$AA@ 000000018000c9e8     libvcruntime:undname.obj
 0002:00000a08       ??_C@_0BO@PFGOCPJJ@?$GAvector?5constructor?5iterator?8?$AA@ 000000018000ca08     libvcruntime:undname.obj
 0002:00000a28       ??_C@_0BN@LFPFMEDL@?$GAvector?5destructor?5iterator?8?$AA@ 000000018000ca28     libvcruntime:undname.obj
 0002:00000a48       ??_C@_0CE@IKBNEHA@?$GAvector?5vbase?5constructor?5iterat@ 000000018000ca48     libvcruntime:undname.obj
 0002:00000a70       ??_C@_0BL@NILFHHPC@?$GAvirtual?5displacement?5map?8?$AA@ 000000018000ca70     libvcruntime:undname.obj
 0002:00000a90       ??_C@_0CB@JONCMFFK@?$GAeh?5vector?5constructor?5iterator?8@ 000000018000ca90     libvcruntime:undname.obj
 0002:00000ab8       ??_C@_0CA@GCEOPDGL@?$GAeh?5vector?5destructor?5iterator?8?$AA@ 000000018000cab8     libvcruntime:undname.obj
 0002:00000ad8       ??_C@_0CH@OOJPLCPH@?$GAeh?5vector?5vbase?5constructor?5ite@ 000000018000cad8     libvcruntime:undname.obj
 0002:00000b00       ??_C@_0BL@LLKPOHJI@?$GAcopy?5constructor?5closure?8?$AA@ 000000018000cb00     libvcruntime:undname.obj
 0002:00000b20       ??_C@_0BA@KBCDOMBN@?$GAudt?5returning?8?$AA@ 000000018000cb20     libvcruntime:undname.obj
 0002:00000b30       ??_C@_03KLGMFNMG@?$GAEH?$AA@ 000000018000cb30     libvcruntime:undname.obj
 0002:00000b34       ??_C@_05KHLCHHI@?$GARTTI?$AA@ 000000018000cb34     libvcruntime:undname.obj
 0002:00000b40       ??_C@_0BA@KKLDJDLB@?$GAlocal?5vftable?8?$AA@ 000000018000cb40     libvcruntime:undname.obj
 0002:00000b50       ??_C@_0CE@IIHCMGGL@?$GAlocal?5vftable?5constructor?5closu@ 000000018000cb50     libvcruntime:undname.obj
 0002:00000b74       ??_C@_06FHBGPFGH@?5new?$FL?$FN?$AA@ 000000018000cb74     libvcruntime:undname.obj
 0002:00000b80       ??_C@_09LBNFPBCA@?5delete?$FL?$FN?$AA@ 000000018000cb80     libvcruntime:undname.obj
 0002:00000b90       ??_C@_0P@HJKNJFNN@?$GAomni?5callsig?8?$AA@ 000000018000cb90     libvcruntime:undname.obj
 0002:00000ba0       ??_C@_0BL@CNOONJFP@?$GAplacement?5delete?5closure?8?$AA@ 000000018000cba0     libvcruntime:undname.obj
 0002:00000bc0       ??_C@_0BN@CKNJLHMB@?$GAplacement?5delete?$FL?$FN?5closure?8?$AA@ 000000018000cbc0     libvcruntime:undname.obj
 0002:00000be0       ??_C@_0CG@CFDHKGGD@?$GAmanaged?5vector?5constructor?5iter@ 000000018000cbe0     libvcruntime:undname.obj
 0002:00000c08       ??_C@_0CF@IMGKMJNO@?$GAmanaged?5vector?5destructor?5itera@ 000000018000cc08     libvcruntime:undname.obj
 0002:00000c30       ??_C@_0CG@HLDDJMAG@?$GAeh?5vector?5copy?5constructor?5iter@ 000000018000cc30     libvcruntime:undname.obj
 0002:00000c58       ??_C@_0CM@FCBBDIGB@?$GAeh?5vector?5vbase?5copy?5constructo@ 000000018000cc58     libvcruntime:undname.obj
 0002:00000c88       ??_C@_0BL@CLIPGLGB@?$GAdynamic?5initializer?5for?5?8?$AA@ 000000018000cc88     libvcruntime:undname.obj
 0002:00000ca8       ??_C@_0CB@PDBIFEP@?$GAdynamic?5atexit?5destructor?5for?5?8@ 000000018000cca8     libvcruntime:undname.obj
 0002:00000cd0       ??_C@_0CD@CGAJBKEJ@?$GAvector?5copy?5constructor?5iterato@ 000000018000ccd0     libvcruntime:undname.obj
 0002:00000cf8       ??_C@_0CJ@GJELGAMM@?$GAvector?5vbase?5copy?5constructor?5i@ 000000018000ccf8     libvcruntime:undname.obj
 0002:00000d28       ??_C@_0CL@FGIJHLCE@?$GAmanaged?5vector?5copy?5constructor@ 000000018000cd28     libvcruntime:undname.obj
 0002:00000d58       ??_C@_0BM@PMGGMLDN@?$GAlocal?5static?5thread?5guard?8?$AA@ 000000018000cd58     libvcruntime:undname.obj
 0002:00000d78       ??_C@_0N@BDNMDMOL@operator?5?$CC?$CC?5?$AA@ 000000018000cd78     libvcruntime:undname.obj
 0002:00000d88       ??_C@_0BC@DAFEJGAK@?5Type?5Descriptor?8?$AA@ 000000018000cd88     libvcruntime:undname.obj
 0002:00000da0       ??_C@_0BM@LDKODKLH@?5Base?5Class?5Descriptor?5at?5?$CI?$AA@ 000000018000cda0     libvcruntime:undname.obj
 0002:00000dc0       ??_C@_0BD@LGICGFMM@?5Base?5Class?5Array?8?$AA@ 000000018000cdc0     libvcruntime:undname.obj
 0002:00000dd8       ??_C@_0BN@MECKDCOJ@?5Class?5Hierarchy?5Descriptor?8?$AA@ 000000018000cdd8     libvcruntime:undname.obj
 0002:00000df8       ??_C@_0BK@CFCOFLF@?5Complete?5Object?5Locator?8?$AA@ 000000018000cdf8     libvcruntime:undname.obj
 0002:00000e20       __acrt_exception_action_table 000000018000ce20     libucrt:exception_filter.obj
 0002:00000ee0       __acrt_signal_action_table_count 000000018000cee0     libucrt:exception_filter.obj
 0002:00000ee8       __acrt_signal_action_first_fpe_index 000000018000cee8     libucrt:exception_filter.obj
 0002:00000ef0       __acrt_signal_action_fpe_count 000000018000cef0     libucrt:exception_filter.obj
 0002:00000ef8       ??_C@_1BI@BGOHAHKC@?$AAm?$AAs?$AAc?$AAo?$AAr?$AAe?$AAe?$AA?4?$AAd?$AAl?$AAl?$AA?$AA@ 000000018000cef8     libucrt:exit.obj
 0002:00000f10       ??_C@_0P@MIGLKIOC@CorExitProcess?$AA@ 000000018000cf10     libucrt:exit.obj
 0002:000010b0       ??_C@_1EG@CNNIPFIM@?$AAa?$AAp?$AAi?$AA?9?$AAm?$AAs?$AA?9?$AAw?$AAi?$AAn?$AA?9?$AAa?$AAp?$AAp?$AAm?$AAo?$AAd?$AAe?$AAl?$AA?9?$AAr?$AAu?$AAn?$AAt?$AAi?$AAm?$AAe?$AA?9?$AAl?$AA1?$AA?9?$AA1@ 000000018000d0b0     libucrt:winapi_thunks.obj
 0002:00001100       ??_C@_1EA@JGEFHKEI@?$AAa?$AAp?$AAi?$AA?9?$AAm?$AAs?$AA?9?$AAw?$AAi?$AAn?$AA?9?$AAc?$AAo?$AAr?$AAe?$AA?9?$AAd?$AAa?$AAt?$AAe?$AAt?$AAi?$AAm?$AAe?$AA?9?$AAl?$AA1?$AA?9?$AA1?$AA?9?$AA1?$AA?$AA@ 000000018000d100     libucrt:winapi_thunks.obj
 0002:00001140       ??_C@_1DI@GCIAAENM@?$AAa?$AAp?$AAi?$AA?9?$AAm?$AAs?$AA?9?$AAw?$AAi?$AAn?$AA?9?$AAc?$AAo?$AAr?$AAe?$AA?9?$AAf?$AAi?$AAl?$AAe?$AA?9?$AAl?$AA2?$AA?9?$AA1?$AA?9?$AA1?$AA?$AA@ 000000018000d140     libucrt:winapi_thunks.obj
 0002:00001180       ??_C@_1EI@MPIAOHOC@?$AAa?$AAp?$AAi?$AA?9?$AAm?$AAs?$AA?9?$AAw?$AAi?$AAn?$AA?9?$AAc?$AAo?$AAr?$AAe?$AA?9?$AAl?$AAo?$AAc?$AAa?$AAl?$AAi?$AAz?$AAa?$AAt?$AAi?$AAo?$AAn?$AA?9?$AAl?$AA1?$AA?9@ 000000018000d180     libucrt:winapi_thunks.obj
 0002:000011d0       ??_C@_1FK@FPHCKFIE@?$AAa?$AAp?$AAi?$AA?9?$AAm?$AAs?$AA?9?$AAw?$AAi?$AAn?$AA?9?$AAc?$AAo?$AAr?$AAe?$AA?9?$AAl?$AAo?$AAc?$AAa?$AAl?$AAi?$AAz?$AAa?$AAt?$AAi?$AAo?$AAn?$AA?9?$AAo?$AAb?$AAs@ 000000018000d1d0     libucrt:winapi_thunks.obj
 0002:00001230       ??_C@_1EM@DILCGIIO@?$AAa?$AAp?$AAi?$AA?9?$AAm?$AAs?$AA?9?$AAw?$AAi?$AAn?$AA?9?$AAc?$AAo?$AAr?$AAe?$AA?9?$AAp?$AAr?$AAo?$AAc?$AAe?$AAs?$AAs?$AAt?$AAh?$AAr?$AAe?$AAa?$AAd?$AAs?$AA?9?$AAl@ 000000018000d230     libucrt:winapi_thunks.obj
 0002:00001280       ??_C@_1DM@LNCGDDPN@?$AAa?$AAp?$AAi?$AA?9?$AAm?$AAs?$AA?9?$AAw?$AAi?$AAn?$AA?9?$AAc?$AAo?$AAr?$AAe?$AA?9?$AAs?$AAt?$AAr?$AAi?$AAn?$AAg?$AA?9?$AAl?$AA1?$AA?9?$AA1?$AA?9?$AA0?$AA?$AA@ 000000018000d280     libucrt:winapi_thunks.obj
 0002:000012c0       ??_C@_1DO@FPAPJEMD@?$AAa?$AAp?$AAi?$AA?9?$AAm?$AAs?$AA?9?$AAw?$AAi?$AAn?$AA?9?$AAc?$AAo?$AAr?$AAe?$AA?9?$AAs?$AAy?$AAs?$AAi?$AAn?$AAf?$AAo?$AA?9?$AAl?$AA1?$AA?9?$AA2?$AA?9?$AA1?$AA?$AA@ 000000018000d2c0     libucrt:winapi_thunks.obj
 0002:00001300       ??_C@_1DK@NDHNAHIO@?$AAa?$AAp?$AAi?$AA?9?$AAm?$AAs?$AA?9?$AAw?$AAi?$AAn?$AA?9?$AAc?$AAo?$AAr?$AAe?$AA?9?$AAw?$AAi?$AAn?$AAr?$AAt?$AA?9?$AAl?$AA1?$AA?9?$AA1?$AA?9?$AA0?$AA?$AA@ 000000018000d300     libucrt:winapi_thunks.obj
 0002:00001340       ??_C@_1DM@KGHDGBCM@?$AAa?$AAp?$AAi?$AA?9?$AAm?$AAs?$AA?9?$AAw?$AAi?$AAn?$AA?9?$AAc?$AAo?$AAr?$AAe?$AA?9?$AAx?$AAs?$AAt?$AAa?$AAt?$AAe?$AA?9?$AAl?$AA2?$AA?9?$AA1?$AA?9?$AA0?$AA?$AA@ 000000018000d340     libucrt:winapi_thunks.obj
 0002:00001380       ??_C@_1EO@IJIOEFOH@?$AAa?$AAp?$AAi?$AA?9?$AAm?$AAs?$AA?9?$AAw?$AAi?$AAn?$AA?9?$AAr?$AAt?$AAc?$AAo?$AAr?$AAe?$AA?9?$AAn?$AAt?$AAu?$AAs?$AAe?$AAr?$AA?9?$AAw?$AAi?$AAn?$AAd?$AAo?$AAw?$AA?9@ 000000018000d380     libucrt:winapi_thunks.obj
 0002:000013d0       ??_C@_1FG@HHGEKANL@?$AAa?$AAp?$AAi?$AA?9?$AAm?$AAs?$AA?9?$AAw?$AAi?$AAn?$AA?9?$AAs?$AAe?$AAc?$AAu?$AAr?$AAi?$AAt?$AAy?$AA?9?$AAs?$AAy?$AAs?$AAt?$AAe?$AAm?$AAf?$AAu?$AAn?$AAc?$AAt?$AAi@ 000000018000d3d0     libucrt:winapi_thunks.obj
 0002:00001430       ??_C@_1FG@NCKKOLKO@?$AAe?$AAx?$AAt?$AA?9?$AAm?$AAs?$AA?9?$AAw?$AAi?$AAn?$AA?9?$AAk?$AAe?$AAr?$AAn?$AAe?$AAl?$AA3?$AA2?$AA?9?$AAp?$AAa?$AAc?$AAk?$AAa?$AAg?$AAe?$AA?9?$AAc?$AAu?$AAr?$AAr@ 000000018000d430     libucrt:winapi_thunks.obj
 0002:00001490       ??_C@_1EG@DBIOJECG@?$AAe?$AAx?$AAt?$AA?9?$AAm?$AAs?$AA?9?$AAw?$AAi?$AAn?$AA?9?$AAn?$AAt?$AAu?$AAs?$AAe?$AAr?$AA?9?$AAd?$AAi?$AAa?$AAl?$AAo?$AAg?$AAb?$AAo?$AAx?$AA?9?$AAl?$AA1?$AA?9?$AA1@ 000000018000d490     libucrt:winapi_thunks.obj
 0002:000014e0       ??_C@_1EO@FIHMJCLF@?$AAe?$AAx?$AAt?$AA?9?$AAm?$AAs?$AA?9?$AAw?$AAi?$AAn?$AA?9?$AAn?$AAt?$AAu?$AAs?$AAe?$AAr?$AA?9?$AAw?$AAi?$AAn?$AAd?$AAo?$AAw?$AAs?$AAt?$AAa?$AAt?$AAi?$AAo?$AAn?$AA?9@ 000000018000d4e0     libucrt:winapi_thunks.obj
 0002:00001530       ??_C@_1O@BCCLBEOE@?$AAu?$AAs?$AAe?$AAr?$AA3?$AA2?$AA?$AA@ 000000018000d530     libucrt:winapi_thunks.obj
 0002:00001568       ??_C@_0BE@JOGNEJCI@GetCurrentPackageId?$AA@ 000000018000d568     libucrt:winapi_thunks.obj
 0002:00001590       ??_C@_0O@KKBNKAPF@LCMapStringEx?$AA@ 000000018000d590     libucrt:winapi_thunks.obj
 0002:000015a8       ??_C@_0BB@HBDEELFH@LocaleNameToLCID?$AA@ 000000018000d5a8     libucrt:winapi_thunks.obj
 0002:00001748       ??_C@_1M@HPNHIDJI@?$AAj?$AAa?$AA?9?$AAJ?$AAP?$AA?$AA@ 000000018000d748     libucrt:mbctype.obj
 0002:00001758       ??_C@_1M@BIBDDEMK@?$AAz?$AAh?$AA?9?$AAC?$AAN?$AA?$AA@ 000000018000d758     libucrt:mbctype.obj
 0002:00001768       ??_C@_1M@JLOOOEGK@?$AAk?$AAo?$AA?9?$AAK?$AAR?$AA?$AA@ 000000018000d768     libucrt:mbctype.obj
 0002:00001778       ??_C@_1M@CLNBBOPM@?$AAz?$AAh?$AA?9?$AAT?$AAW?$AA?$AA@ 000000018000d778     libucrt:mbctype.obj
 0002:00001790       __lc_time_c                000000018000d790     libucrt:nlsdata.obj
 0002:00001a50       ??_C@_03KOEHGMDN@Sun?$AA@  000000018000da50     libucrt:nlsdata.obj
 0002:00001a54       ??_C@_03PDAGKDH@Mon?$AA@   000000018000da54     libucrt:nlsdata.obj
 0002:00001a58       ??_C@_03NAGEINEP@Tue?$AA@  000000018000da58     libucrt:nlsdata.obj
 0002:00001a5c       ??_C@_03MHOMLAJA@Wed?$AA@  000000018000da5c     libucrt:nlsdata.obj
 0002:00001a60       ??_C@_03IOFIKPDN@Thu?$AA@  000000018000da60     libucrt:nlsdata.obj
 0002:00001a64       ??_C@_03IDIOELNC@Fri?$AA@  000000018000da64     libucrt:nlsdata.obj
 0002:00001a68       ??_C@_03FEFJNEK@Sat?$AA@   000000018000da68     libucrt:nlsdata.obj
 0002:00001a6c       ??_C@_06OOPIFAJ@Sunday?$AA@ 000000018000da6c     libucrt:nlsdata.obj
 0002:00001a74       ??_C@_06JLEDEDGH@Monday?$AA@ 000000018000da74     libucrt:nlsdata.obj
 0002:00001a80       ??_C@_07BAAGCFCM@Tuesday?$AA@ 000000018000da80     libucrt:nlsdata.obj
 0002:00001a88       ??_C@_09DLIGFAKA@Wednesday?$AA@ 000000018000da88     libucrt:nlsdata.obj
 0002:00001a98       ??_C@_08HACCIKIA@Thursday?$AA@ 000000018000da98     libucrt:nlsdata.obj
 0002:00001aa4       ??_C@_06JECMNKMI@Friday?$AA@ 000000018000daa4     libucrt:nlsdata.obj
 0002:00001ab0       ??_C@_08INBOOONO@Saturday?$AA@ 000000018000dab0     libucrt:nlsdata.obj
 0002:00001abc       ??_C@_03JIHJHPIE@Jan?$AA@  000000018000dabc     libucrt:nlsdata.obj
 0002:00001ac0       ??_C@_03HJBDCHOM@Feb?$AA@  000000018000dac0     libucrt:nlsdata.obj
 0002:00001ac4       ??_C@_03ODNJBKGA@Mar?$AA@  000000018000dac4     libucrt:nlsdata.obj
 0002:00001ac8       ??_C@_03LEOLGMJP@Apr?$AA@  000000018000dac8     libucrt:nlsdata.obj
 0002:00001acc       ??_C@_03CNMDKL@May?$AA@    000000018000dacc     libucrt:nlsdata.obj
 0002:00001ad0       ??_C@_03IDFGHECI@Jun?$AA@  000000018000dad0     libucrt:nlsdata.obj
 0002:00001ad4       ??_C@_03LBGABGKK@Jul?$AA@  000000018000dad4     libucrt:nlsdata.obj
 0002:00001ad8       ??_C@_03IFJFEIGA@Aug?$AA@  000000018000dad8     libucrt:nlsdata.obj
 0002:00001adc       ??_C@_03GGCAPAJC@Sep?$AA@  000000018000dadc     libucrt:nlsdata.obj
 0002:00001ae0       ??_C@_03BMAOKBAD@Oct?$AA@  000000018000dae0     libucrt:nlsdata.obj
 0002:00001ae4       ??_C@_03JPJOFNIA@Nov?$AA@  000000018000dae4     libucrt:nlsdata.obj
 0002:00001ae8       ??_C@_03MKABNOCG@Dec?$AA@  000000018000dae8     libucrt:nlsdata.obj
 0002:00001af0       ??_C@_07CGJPFGJA@January?$AA@ 000000018000daf0     libucrt:nlsdata.obj
 0002:00001af8       ??_C@_08GNJGEPFN@February?$AA@ 000000018000daf8     libucrt:nlsdata.obj
 0002:00001b04       ??_C@_05HPCKOFNC@March?$AA@ 000000018000db04     libucrt:nlsdata.obj
 0002:00001b0c       ??_C@_05DMJDNLEJ@April?$AA@ 000000018000db0c     libucrt:nlsdata.obj
 0002:00001b14       ??_C@_04CNLMGBGM@June?$AA@ 000000018000db14     libucrt:nlsdata.obj
 0002:00001b1c       ??_C@_04MIEPOIFP@July?$AA@ 000000018000db1c     libucrt:nlsdata.obj
 0002:00001b24       ??_C@_06LBBHFDDG@August?$AA@ 000000018000db24     libucrt:nlsdata.obj
 0002:00001b30       ??_C@_09BHHEALKD@September?$AA@ 000000018000db30     libucrt:nlsdata.obj
 0002:00001b40       ??_C@_07JJNFCEND@October?$AA@ 000000018000db40     libucrt:nlsdata.obj
 0002:00001b48       ??_C@_08HCHEGEOA@November?$AA@ 000000018000db48     libucrt:nlsdata.obj
 0002:00001b58       ??_C@_08EDHMEBNP@December?$AA@ 000000018000db58     libucrt:nlsdata.obj
 0002:00001b64       ??_C@_02DEDBPAFC@AM?$AA@   000000018000db64     libucrt:nlsdata.obj
 0002:00001b68       ??_C@_02CJNFDJBF@PM?$AA@   000000018000db68     libucrt:nlsdata.obj
 0002:00001b70       ??_C@_08BPBNCDIB@MM?1dd?1yy?$AA@ 000000018000db70     libucrt:nlsdata.obj
 0002:00001b80       ??_C@_0BE@CKGJFCPC@dddd?0?5MMMM?5dd?0?5yyyy?$AA@ 000000018000db80     libucrt:nlsdata.obj
 0002:00001b98       ??_C@_08JCCMCCIL@HH?3mm?3ss?$AA@ 000000018000db98     libucrt:nlsdata.obj
 0002:00001ba8       ??_C@_17MBGCMIPB@?$AAS?$AAu?$AAn?$AA?$AA@ 000000018000dba8     libucrt:nlsdata.obj
 0002:00001bb0       ??_C@_17KBOMKBF@?$AAM?$AAo?$AAn?$AA?$AA@ 000000018000dbb0     libucrt:nlsdata.obj
 0002:00001bb8       ??_C@_17BMKGEGOJ@?$AAT?$AAu?$AAe?$AA?$AA@ 000000018000dbb8     libucrt:nlsdata.obj
 0002:00001bc0       ??_C@_17CJEDCEPE@?$AAW?$AAe?$AAd?$AA?$AA@ 000000018000dbc0     libucrt:nlsdata.obj
 0002:00001bc8       ??_C@_17PDPHAADD@?$AAT?$AAh?$AAu?$AA?$AA@ 000000018000dbc8     libucrt:nlsdata.obj
 0002:00001bd0       ??_C@_17HFOLPPLP@?$AAF?$AAr?$AAi?$AA?$AA@ 000000018000dbd0     libucrt:nlsdata.obj
 0002:00001bd8       ??_C@_17GGIBDPIH@?$AAS?$AAa?$AAt?$AA?$AA@ 000000018000dbd8     libucrt:nlsdata.obj
 0002:00001be0       ??_C@_1O@IHNHDHPB@?$AAS?$AAu?$AAn?$AAd?$AAa?$AAy?$AA?$AA@ 000000018000dbe0     libucrt:nlsdata.obj
 0002:00001bf0       ??_C@_1O@MMNBFLIA@?$AAM?$AAo?$AAn?$AAd?$AAa?$AAy?$AA?$AA@ 000000018000dbf0     libucrt:nlsdata.obj
 0002:00001c00       ??_C@_1BA@ENFBFFEK@?$AAT?$AAu?$AAe?$AAs?$AAd?$AAa?$AAy?$AA?$AA@ 000000018000dc00     libucrt:nlsdata.obj
 0002:00001c10       ??_C@_1BE@EBOGMDOH@?$AAW?$AAe?$AAd?$AAn?$AAe?$AAs?$AAd?$AAa?$AAy?$AA?$AA@ 000000018000dc10     libucrt:nlsdata.obj
 0002:00001c28       ??_C@_1BC@HHMNLIHE@?$AAT?$AAh?$AAu?$AAr?$AAs?$AAd?$AAa?$AAy?$AA?$AA@ 000000018000dc28     libucrt:nlsdata.obj
 0002:00001c40       ??_C@_1O@PDICJHAG@?$AAF?$AAr?$AAi?$AAd?$AAa?$AAy?$AA?$AA@ 000000018000dc40     libucrt:nlsdata.obj
 0002:00001c50       ??_C@_1BC@ENMNNPAJ@?$AAS?$AAa?$AAt?$AAu?$AAr?$AAd?$AAa?$AAy?$AA?$AA@ 000000018000dc50     libucrt:nlsdata.obj
 0002:00001c68       ??_C@_17DKNBKCHM@?$AAJ?$AAa?$AAn?$AA?$AA@ 000000018000dc68     libucrt:nlsdata.obj
 0002:00001c70       ??_C@_17LMDJEKJN@?$AAF?$AAe?$AAb?$AA?$AA@ 000000018000dc70     libucrt:nlsdata.obj
 0002:00001c78       ??_C@_17CKNLEDEC@?$AAM?$AAa?$AAr?$AA?$AA@ 000000018000dc78     libucrt:nlsdata.obj
 0002:00001c80       ??_C@_17LFPOIHDD@?$AAA?$AAp?$AAr?$AA?$AA@ 000000018000dc80     libucrt:nlsdata.obj
 0002:00001c88       ??_C@_17PNNKMEED@?$AAM?$AAa?$AAy?$AA?$AA@ 000000018000dc88     libucrt:nlsdata.obj
 0002:00001c90       ??_C@_17KCJGOCPB@?$AAJ?$AAu?$AAn?$AA?$AA@ 000000018000dc90     libucrt:nlsdata.obj
 0002:00001c98       ??_C@_17IJPCKHK@?$AAJ?$AAu?$AAl?$AA?$AA@ 000000018000dc98     libucrt:nlsdata.obj
 0002:00001ca0       ??_C@_17ICPELBCN@?$AAA?$AAu?$AAg?$AA?$AA@ 000000018000dca0     libucrt:nlsdata.obj
 0002:00001ca8       ??_C@_17HCHCOKMG@?$AAS?$AAe?$AAp?$AA?$AA@ 000000018000dca8     libucrt:nlsdata.obj
 0002:00001cb0       ??_C@_17FNLKOI@?$AAO?$AAc?$AAt?$AA?$AA@ 000000018000dcb0     libucrt:nlsdata.obj
 0002:00001cb8       ??_C@_17BBDMLCIG@?$AAN?$AAo?$AAv?$AA?$AA@ 000000018000dcb8     libucrt:nlsdata.obj
 0002:00001cc0       ??_C@_17EGKACKIF@?$AAD?$AAe?$AAc?$AA?$AA@ 000000018000dcc0     libucrt:nlsdata.obj
 0002:00001cc8       ??_C@_1BA@EFMEIEBA@?$AAJ?$AAa?$AAn?$AAu?$AAa?$AAr?$AAy?$AA?$AA@ 000000018000dcc8     libucrt:nlsdata.obj
 0002:00001cd8       ??_C@_1BC@JGDDFFAM@?$AAF?$AAe?$AAb?$AAr?$AAu?$AAa?$AAr?$AAy?$AA?$AA@ 000000018000dcd8     libucrt:nlsdata.obj
 0002:00001cf0       ??_C@_1M@IKEENEDF@?$AAM?$AAa?$AAr?$AAc?$AAh?$AA?$AA@ 000000018000dcf0     libucrt:nlsdata.obj
 0002:00001d00       ??_C@_1M@GJNLMHFD@?$AAA?$AAp?$AAr?$AAi?$AAl?$AA?$AA@ 000000018000dd00     libucrt:nlsdata.obj
 0002:00001d10       ??_C@_19EPFLPGAP@?$AAJ?$AAu?$AAn?$AAe?$AA?$AA@ 000000018000dd10     libucrt:nlsdata.obj
 0002:00001d20       ??_C@_19BIFMLPCD@?$AAJ?$AAu?$AAl?$AAy?$AA?$AA@ 000000018000dd20     libucrt:nlsdata.obj
 0002:00001d30       ??_C@_1O@PAHLKOAC@?$AAA?$AAu?$AAg?$AAu?$AAs?$AAt?$AA?$AA@ 000000018000dd30     libucrt:nlsdata.obj
 0002:00001d40       ??_C@_1BE@DKAAMBJL@?$AAS?$AAe?$AAp?$AAt?$AAe?$AAm?$AAb?$AAe?$AAr?$AA?$AA@ 000000018000dd40     libucrt:nlsdata.obj
 0002:00001d58       ??_C@_1BA@EPANDLNG@?$AAO?$AAc?$AAt?$AAo?$AAb?$AAe?$AAr?$AA?$AA@ 000000018000dd58     libucrt:nlsdata.obj
 0002:00001d68       ??_C@_1BC@BGLIFPF@?$AAN?$AAo?$AAv?$AAe?$AAm?$AAb?$AAe?$AAr?$AA?$AA@ 000000018000dd68     libucrt:nlsdata.obj
 0002:00001d80       ??_C@_1BC@FEMKIFH@?$AAD?$AAe?$AAc?$AAe?$AAm?$AAb?$AAe?$AAr?$AA?$AA@ 000000018000dd80     libucrt:nlsdata.obj
 0002:00001d94       ??_C@_15ODEHAHHF@?$AAA?$AAM?$AA?$AA@ 000000018000dd94     libucrt:nlsdata.obj
 0002:00001d9c       ??_C@_15CLMNNGEL@?$AAP?$AAM?$AA?$AA@ 000000018000dd9c     libucrt:nlsdata.obj
 0002:00001da8       ??_C@_1BC@IEBCMHCM@?$AAM?$AAM?$AA?1?$AAd?$AAd?$AA?1?$AAy?$AAy?$AA?$AA@ 000000018000dda8     libucrt:nlsdata.obj
 0002:00001dc0       ??_C@_1CI@KNAKOEBC@?$AAd?$AAd?$AAd?$AAd?$AA?0?$AA?5?$AAM?$AAM?$AAM?$AAM?$AA?5?$AAd?$AAd?$AA?0?$AA?5?$AAy?$AAy?$AAy?$AAy?$AA?$AA@ 000000018000ddc0     libucrt:nlsdata.obj
 0002:00001de8       ??_C@_1BC@GDGBMEMK@?$AAH?$AAH?$AA?3?$AAm?$AAm?$AA?3?$AAs?$AAs?$AA?$AA@ 000000018000dde8     libucrt:nlsdata.obj
 0002:00001e00       ??_C@_1M@BMHNFIME@?$AAe?$AAn?$AA?9?$AAU?$AAS?$AA?$AA@ 000000018000de00     libucrt:nlsdata.obj
 0002:00001e10       __newctype                 000000018000de10     libucrt:ctype.obj
 0002:00002110       __newclmap                 000000018000e110     libucrt:ctype.obj
 0002:00002290       __newcumap                 000000018000e290     libucrt:ctype.obj
 0002:00003250       ??_C@_15EMKDOKLE@?$AAa?$AAr?$AA?$AA@ 000000018000f250     libucrt:lcidtoname_downlevel.obj
 0002:00003258       ??_C@_15KNPADPLH@?$AAb?$AAg?$AA?$AA@ 000000018000f258     libucrt:lcidtoname_downlevel.obj
 0002:00003260       ??_C@_15EDMHLDMO@?$AAc?$AAa?$AA?$AA@ 000000018000f260     libucrt:lcidtoname_downlevel.obj
 0002:00003268       ??_C@_1O@BPEAJADD@?$AAz?$AAh?$AA?9?$AAC?$AAH?$AAS?$AA?$AA@ 000000018000f268     libucrt:lcidtoname_downlevel.obj
 0002:00003278       ??_C@_15LJNHCMNK@?$AAc?$AAs?$AA?$AA@ 000000018000f278     libucrt:lcidtoname_downlevel.obj
 0002:00003280       ??_C@_15FOMCIDHG@?$AAd?$AAa?$AA?$AA@ 000000018000f280     libucrt:lcidtoname_downlevel.obj
 0002:00003288       ??_C@_15NBKABECB@?$AAd?$AAe?$AA?$AA@ 000000018000f288     libucrt:lcidtoname_downlevel.obj
 0002:00003290       ??_C@_15GHPEIIAO@?$AAe?$AAl?$AA?$AA@ 000000018000f290     libucrt:lcidtoname_downlevel.obj
 0002:00003298       ??_C@_15MNPNEAIF@?$AAe?$AAn?$AA?$AA@ 000000018000f298     libucrt:lcidtoname_downlevel.obj
 0002:000032a0       ??_C@_15GPIOMPMH@?$AAe?$AAs?$AA?$AA@ 000000018000f2a0     libucrt:lcidtoname_downlevel.obj
 0002:000032a8       ??_C@_15NGLOAKJC@?$AAf?$AAi?$AA?$AA@ 000000018000f2a8     libucrt:lcidtoname_downlevel.obj
 0002:000032b0       ??_C@_15FBKGNKAM@?$AAf?$AAr?$AA?$AA@ 000000018000f2b0     libucrt:lcidtoname_downlevel.obj
 0002:000032b8       ??_C@_15KGGCNEFK@?$AAh?$AAe?$AA?$AA@ 000000018000f2b8     libucrt:lcidtoname_downlevel.obj
 0002:000032c0       ??_C@_15PGHLIDMF@?$AAh?$AAu?$AA?$AA@ 000000018000f2c0     libucrt:lcidtoname_downlevel.obj
 0002:000032c8       ??_C@_15BIEMAPLM@?$AAi?$AAs?$AA?$AA@ 000000018000f2c8     libucrt:lcidtoname_downlevel.obj
 0002:000032d0       ??_C@_15IFJLDHAF@?$AAi?$AAt?$AA?$AA@ 000000018000f2d0     libucrt:lcidtoname_downlevel.obj
 0002:000032d8       ??_C@_15GEMIOCAG@?$AAj?$AAa?$AA?$AA@ 000000018000f2d8     libucrt:lcidtoname_downlevel.obj
 0002:000032e0       ??_C@_15EPELEGJA@?$AAk?$AAo?$AA?$AA@ 000000018000f2e0     libucrt:lcidtoname_downlevel.obj
 0002:000032e8       ??_C@_15NDDHIMN@?$AAn?$AAl?$AA?$AA@ 000000018000f2e8     libucrt:lcidtoname_downlevel.obj
 0002:000032f0       ??_C@_15BPIGNHCD@?$AAn?$AAo?$AA?$AA@ 000000018000f2f0     libucrt:lcidtoname_downlevel.obj
 0002:000032f8       ??_C@_15DEOPBLCG@?$AAp?$AAl?$AA?$AA@ 000000018000f2f8     libucrt:lcidtoname_downlevel.obj
 0002:00003300       ??_C@_15KBECGEFG@?$AAp?$AAt?$AA?$AA@ 000000018000f300     libucrt:lcidtoname_downlevel.obj
 0002:00003308       ??_C@_15GLJCBFMD@?$AAr?$AAo?$AA?$AA@ 000000018000f308     libucrt:lcidtoname_downlevel.obj
 0002:00003310       ??_C@_15FEDGKCDI@?$AAr?$AAu?$AA?$AA@ 000000018000f310     libucrt:lcidtoname_downlevel.obj
 0002:00003318       ??_C@_15GLKMLLHM@?$AAh?$AAr?$AA?$AA@ 000000018000f318     libucrt:lcidtoname_downlevel.obj
 0002:00003320       ??_C@_15CPKMFBDB@?$AAs?$AAk?$AA?$AA@ 000000018000f320     libucrt:lcidtoname_downlevel.obj
 0002:00003328       ??_C@_15BAAIOGMK@?$AAs?$AAq?$AA?$AA@ 000000018000f328     libucrt:lcidtoname_downlevel.obj
 0002:00003330       ??_C@_15INNPNOHD@?$AAs?$AAv?$AA?$AA@ 000000018000f330     libucrt:lcidtoname_downlevel.obj
 0002:00003338       ??_C@_15CABMMOGH@?$AAt?$AAh?$AA?$AA@ 000000018000f338     libucrt:lcidtoname_downlevel.obj
 0002:00003340       ??_C@_15BPLIHJJM@?$AAt?$AAr?$AA?$AA@ 000000018000f340     libucrt:lcidtoname_downlevel.obj
 0002:00003348       ??_C@_15NEOEKKDJ@?$AAu?$AAr?$AA?$AA@ 000000018000f348     libucrt:lcidtoname_downlevel.obj
 0002:00003350       ??_C@_15NFICGAJK@?$AAi?$AAd?$AA?$AA@ 000000018000f350     libucrt:lcidtoname_downlevel.obj
 0002:00003358       ??_C@_15PJPFLCCM@?$AAu?$AAk?$AA?$AA@ 000000018000f358     libucrt:lcidtoname_downlevel.obj
 0002:00003360       ??_C@_15HPJPHDM@?$AAb?$AAe?$AA?$AA@ 000000018000f360     libucrt:lcidtoname_downlevel.obj
 0002:00003368       ??_C@_15LCHLGJII@?$AAs?$AAl?$AA?$AA@ 000000018000f368     libucrt:lcidtoname_downlevel.obj
 0002:00003370       ??_C@_15PCFJPHHO@?$AAe?$AAt?$AA?$AA@ 000000018000f370     libucrt:lcidtoname_downlevel.obj
 0002:00003378       ??_C@_15HPFPGODN@?$AAl?$AAv?$AA?$AA@ 000000018000f378     libucrt:lcidtoname_downlevel.obj
 0002:00003380       ??_C@_15NFFGKGLG@?$AAl?$AAt?$AA?$AA@ 000000018000f380     libucrt:lcidtoname_downlevel.obj
 0002:00003388       ??_C@_15BDAKCCHN@?$AAf?$AAa?$AA?$AA@ 000000018000f388     libucrt:lcidtoname_downlevel.obj
 0002:00003390       ??_C@_15NFGIAIAJ@?$AAv?$AAi?$AA?$AA@ 000000018000f390     libucrt:lcidtoname_downlevel.obj
 0002:00003398       ??_C@_15LMKNDMHN@?$AAh?$AAy?$AA?$AA@ 000000018000f398     libucrt:lcidtoname_downlevel.obj
 0002:000033a0       ??_C@_15IJBHMCFL@?$AAa?$AAz?$AA?$AA@ 000000018000f3a0     libucrt:lcidtoname_downlevel.obj
 0002:000033a8       ??_C@_15EKOFJABL@?$AAe?$AAu?$AA?$AA@ 000000018000f3a8     libucrt:lcidtoname_downlevel.obj
 0002:000033b0       ??_C@_15BGHADCNK@?$AAm?$AAk?$AA?$AA@ 000000018000f3b0     libucrt:lcidtoname_downlevel.obj
 0002:000033b8       ??_C@_15JDNICKHM@?$AAa?$AAf?$AA?$AA@ 000000018000f3b8     libucrt:lcidtoname_downlevel.obj
 0002:000033c0       ??_C@_15KPJEDBKD@?$AAk?$AAa?$AA?$AA@ 000000018000f3c0     libucrt:lcidtoname_downlevel.obj
 0002:000033c8       ??_C@_15PDNFFFEO@?$AAf?$AAo?$AA?$AA@ 000000018000f3c8     libucrt:lcidtoname_downlevel.obj
 0002:000033d0       ??_C@_15OMLEGLOC@?$AAh?$AAi?$AA?$AA@ 000000018000f3d0     libucrt:lcidtoname_downlevel.obj
 0002:000033d8       ??_C@_15IDNNENKK@?$AAm?$AAs?$AA?$AA@ 000000018000f3d8     libucrt:lcidtoname_downlevel.obj
 0002:000033e0       ??_C@_15MACJNBMH@?$AAk?$AAk?$AA?$AA@ 000000018000f3e0     libucrt:lcidtoname_downlevel.obj
 0002:000033e8       ??_C@_15DKDJEOND@?$AAk?$AAy?$AA?$AA@ 000000018000f3e8     libucrt:lcidtoname_downlevel.obj
 0002:000033f0       ??_C@_15DFGDLJBG@?$AAs?$AAw?$AA?$AA@ 000000018000f3f0     libucrt:lcidtoname_downlevel.obj
 0002:000033f8       ??_C@_15BBFAICNG@?$AAu?$AAz?$AA?$AA@ 000000018000f3f8     libucrt:lcidtoname_downlevel.obj
 0002:00003400       ??_C@_15DKNDCGEA@?$AAt?$AAt?$AA?$AA@ 000000018000f400     libucrt:lcidtoname_downlevel.obj
 0002:00003408       ??_C@_15MGIFMDPL@?$AAp?$AAa?$AA?$AA@ 000000018000f408     libucrt:lcidtoname_downlevel.obj
 0002:00003410       ??_C@_15HCNDBBA@?$AAg?$AAu?$AA?$AA@ 000000018000f410     libucrt:lcidtoname_downlevel.obj
 0002:00003418       ??_C@_15FNBEIBON@?$AAt?$AAa?$AA?$AA@ 000000018000f418     libucrt:lcidtoname_downlevel.obj
 0002:00003420       ??_C@_15NCHGBGLK@?$AAt?$AAe?$AA?$AA@ 000000018000f420     libucrt:lcidtoname_downlevel.obj
 0002:00003428       ??_C@_15PHPHCBPF@?$AAk?$AAn?$AA?$AA@ 000000018000f428     libucrt:lcidtoname_downlevel.obj
 0002:00003430       ??_C@_15DLGBCKMP@?$AAm?$AAr?$AA?$AA@ 000000018000f430     libucrt:lcidtoname_downlevel.obj
 0002:00003438       ??_C@_15EABBLBFF@?$AAs?$AAa?$AA?$AA@ 000000018000f438     libucrt:lcidtoname_downlevel.obj
 0002:00003440       ??_C@_15CBKOMCOI@?$AAm?$AAn?$AA?$AA@ 000000018000f440     libucrt:lcidtoname_downlevel.obj
 0002:00003448       ??_C@_15CKDMCJAF@?$AAg?$AAl?$AA?$AA@ 000000018000f448     libucrt:lcidtoname_downlevel.obj
 0002:00003450       ??_C@_17CNJFBPG@?$AAk?$AAo?$AAk?$AA?$AA@ 000000018000f450     libucrt:lcidtoname_downlevel.obj
 0002:00003458       ??_C@_17FFBJICPL@?$AAs?$AAy?$AAr?$AA?$AA@ 000000018000f458     libucrt:lcidtoname_downlevel.obj
 0002:00003460       ??_C@_17KPNDCPAF@?$AAd?$AAi?$AAv?$AA?$AA@ 000000018000f460     libucrt:lcidtoname_downlevel.obj
 0002:00003468       ??_C@_1M@OKAHONE@?$AAa?$AAr?$AA?9?$AAS?$AAA?$AA?$AA@ 000000018000f468     libucrt:lcidtoname_downlevel.obj
 0002:00003478       ??_C@_1M@FFFIGIGK@?$AAb?$AAg?$AA?9?$AAB?$AAG?$AA?$AA@ 000000018000f478     libucrt:lcidtoname_downlevel.obj
 0002:00003488       ??_C@_1M@BJNKEDC@?$AAc?$AAa?$AA?9?$AAE?$AAS?$AA?$AA@ 000000018000f488     libucrt:lcidtoname_downlevel.obj
 0002:00003498       ??_C@_1M@IJJHFJHA@?$AAc?$AAs?$AA?9?$AAC?$AAZ?$AA?$AA@ 000000018000f498     libucrt:lcidtoname_downlevel.obj
 0002:000034a8       ??_C@_1M@CLPEOBGI@?$AAd?$AAa?$AA?9?$AAD?$AAK?$AA?$AA@ 000000018000f4a8     libucrt:lcidtoname_downlevel.obj
 0002:000034b8       ??_C@_1M@MCMADGCB@?$AAd?$AAe?$AA?9?$AAD?$AAE?$AA?$AA@ 000000018000f4b8     libucrt:lcidtoname_downlevel.obj
 0002:000034c8       ??_C@_1M@OOCKEMAM@?$AAe?$AAl?$AA?9?$AAG?$AAR?$AA?$AA@ 000000018000f4c8     libucrt:lcidtoname_downlevel.obj
 0002:000034d8       ??_C@_1M@DDNJFGID@?$AAf?$AAi?$AA?9?$AAF?$AAI?$AA?$AA@ 000000018000f4d8     libucrt:lcidtoname_downlevel.obj
 0002:000034e8       ??_C@_1M@GLIPPMAC@?$AAf?$AAr?$AA?9?$AAF?$AAR?$AA?$AA@ 000000018000f4e8     libucrt:lcidtoname_downlevel.obj
 0002:000034f8       ??_C@_1M@GFMCHPE@?$AAh?$AAe?$AA?9?$AAI?$AAL?$AA?$AA@ 000000018000f4f8     libucrt:lcidtoname_downlevel.obj
 0002:00003508       ??_C@_1M@MHLPGNKM@?$AAh?$AAu?$AA?9?$AAH?$AAU?$AA?$AA@ 000000018000f508     libucrt:lcidtoname_downlevel.obj
 0002:00003518       ??_C@_1M@LPDDNNPN@?$AAi?$AAs?$AA?9?$AAI?$AAS?$AA?$AA@ 000000018000f518     libucrt:lcidtoname_downlevel.obj
 0002:00003528       ??_C@_1M@MADIPODN@?$AAi?$AAt?$AA?9?$AAI?$AAT?$AA?$AA@ 000000018000f528     libucrt:lcidtoname_downlevel.obj
 0002:00003538       ??_C@_1M@IHBJJGG@?$AAn?$AAl?$AA?9?$AAN?$AAL?$AA?$AA@ 000000018000f538     libucrt:lcidtoname_downlevel.obj
 0002:00003548       ??_C@_1M@EANAGDL@?$AAn?$AAb?$AA?9?$AAN?$AAO?$AA?$AA@ 000000018000f548     libucrt:lcidtoname_downlevel.obj
 0002:00003558       ??_C@_1M@NEIEMEGP@?$AAp?$AAl?$AA?9?$AAP?$AAL?$AA?$AA@ 000000018000f558     libucrt:lcidtoname_downlevel.obj
 0002:00003568       ??_C@_1M@BOCFIGEP@?$AAp?$AAt?$AA?9?$AAB?$AAR?$AA?$AA@ 000000018000f568     libucrt:lcidtoname_downlevel.obj
 0002:00003578       ??_C@_1M@IMPFOPBG@?$AAr?$AAo?$AA?9?$AAR?$AAO?$AA?$AA@ 000000018000f578     libucrt:lcidtoname_downlevel.obj
 0002:00003588       ??_C@_1M@IDNNEJMM@?$AAr?$AAu?$AA?9?$AAR?$AAU?$AA?$AA@ 000000018000f588     libucrt:lcidtoname_downlevel.obj
 0002:00003598       ??_C@_1M@LILEEOGM@?$AAh?$AAr?$AA?9?$AAH?$AAR?$AA?$AA@ 000000018000f598     libucrt:lcidtoname_downlevel.obj
 0002:000035a8       ??_C@_1M@FKIFEHPB@?$AAs?$AAk?$AA?9?$AAS?$AAK?$AA?$AA@ 000000018000f5a8     libucrt:lcidtoname_downlevel.obj
 0002:000035b8       ??_C@_1M@LJMAMNPJ@?$AAs?$AAq?$AA?9?$AAA?$AAL?$AA?$AA@ 000000018000f5b8     libucrt:lcidtoname_downlevel.obj
 0002:000035c8       ??_C@_1M@GIAKDKJK@?$AAs?$AAv?$AA?9?$AAS?$AAE?$AA?$AA@ 000000018000f5c8     libucrt:lcidtoname_downlevel.obj
 0002:000035d8       ??_C@_1M@MKJKIKCL@?$AAt?$AAh?$AA?9?$AAT?$AAH?$AA?$AA@ 000000018000f5d8     libucrt:lcidtoname_downlevel.obj
 0002:000035e8       ??_C@_1M@MFLCCMPB@?$AAt?$AAr?$AA?9?$AAT?$AAR?$AA?$AA@ 000000018000f5e8     libucrt:lcidtoname_downlevel.obj
 0002:000035f8       ??_C@_1M@OIJHDKJN@?$AAu?$AAr?$AA?9?$AAP?$AAK?$AA?$AA@ 000000018000f5f8     libucrt:lcidtoname_downlevel.obj
 0002:00003608       ??_C@_1M@LHIPCIEK@?$AAi?$AAd?$AA?9?$AAI?$AAD?$AA?$AA@ 000000018000f608     libucrt:lcidtoname_downlevel.obj
 0002:00003618       ??_C@_1M@MFMOBGI@?$AAu?$AAk?$AA?9?$AAU?$AAA?$AA?$AA@ 000000018000f618     libucrt:lcidtoname_downlevel.obj
 0002:00003628       ??_C@_1M@OBGLJIPL@?$AAb?$AAe?$AA?9?$AAB?$AAY?$AA?$AA@ 000000018000f628     libucrt:lcidtoname_downlevel.obj
 0002:00003638       ??_C@_1M@BCFAJEAD@?$AAs?$AAl?$AA?9?$AAS?$AAI?$AA?$AA@ 000000018000f638     libucrt:lcidtoname_downlevel.obj
 0002:00003648       ??_C@_1M@FKFFEDDN@?$AAe?$AAt?$AA?9?$AAE?$AAE?$AA?$AA@ 000000018000f648     libucrt:lcidtoname_downlevel.obj
 0002:00003658       ??_C@_1M@KGKKAACI@?$AAl?$AAv?$AA?9?$AAL?$AAV?$AA?$AA@ 000000018000f658     libucrt:lcidtoname_downlevel.obj
 0002:00003668       ??_C@_1M@IFGBIJO@?$AAl?$AAt?$AA?9?$AAL?$AAT?$AA?$AA@ 000000018000f668     libucrt:lcidtoname_downlevel.obj
 0002:00003678       ??_C@_1M@FGEAHEDM@?$AAf?$AAa?$AA?9?$AAI?$AAR?$AA?$AA@ 000000018000f678     libucrt:lcidtoname_downlevel.obj
 0002:00003688       ??_C@_1M@KBMAIBFN@?$AAv?$AAi?$AA?9?$AAV?$AAN?$AA?$AA@ 000000018000f688     libucrt:lcidtoname_downlevel.obj
 0002:00003698       ??_C@_1M@GPCBKDJK@?$AAh?$AAy?$AA?9?$AAA?$AAM?$AA?$AA@ 000000018000f698     libucrt:lcidtoname_downlevel.obj
 0002:000036a8       ??_C@_1BG@BECMDDJB@?$AAa?$AAz?$AA?9?$AAA?$AAZ?$AA?9?$AAL?$AAa?$AAt?$AAn?$AA?$AA@ 000000018000f6a8     libucrt:lcidtoname_downlevel.obj
 0002:000036c0       ??_C@_1M@MAOFCAEA@?$AAe?$AAu?$AA?9?$AAE?$AAS?$AA?$AA@ 000000018000f6c0     libucrt:lcidtoname_downlevel.obj
 0002:000036d0       ??_C@_1M@IGHABKPI@?$AAm?$AAk?$AA?9?$AAM?$AAK?$AA?$AA@ 000000018000f6d0     libucrt:lcidtoname_downlevel.obj
 0002:000036e0       ??_C@_1M@IAIGNEJG@?$AAt?$AAn?$AA?9?$AAZ?$AAA?$AA?$AA@ 000000018000f6e0     libucrt:lcidtoname_downlevel.obj
 0002:000036f0       ??_C@_1M@IIJCOJFA@?$AAx?$AAh?$AA?9?$AAZ?$AAA?$AA?$AA@ 000000018000f6f0     libucrt:lcidtoname_downlevel.obj
 0002:00003700       ??_C@_1M@LGPJHNJH@?$AAz?$AAu?$AA?9?$AAZ?$AAA?$AA?$AA@ 000000018000f700     libucrt:lcidtoname_downlevel.obj
 0002:00003710       ??_C@_1M@HOKAOIO@?$AAa?$AAf?$AA?9?$AAZ?$AAA?$AA?$AA@ 000000018000f710     libucrt:lcidtoname_downlevel.obj
 0002:00003720       ??_C@_1M@DPCLHLIE@?$AAk?$AAa?$AA?9?$AAG?$AAE?$AA?$AA@ 000000018000f720     libucrt:lcidtoname_downlevel.obj
[...]
 0004:0000066c       $pdata$??R<lambda_ad1ced32f4ac17aa236e5ef05d6b3b7c>@@QEBAXXZ 000000018001766c     libucrt:mbctype.obj
 0004:00000678       $pdata$?getSystemCP@@YAHH@Z 0000000180017678     libucrt:mbctype.obj
 0004:00000684       $pdata$?setSBCS@@YAXPEAU__crt_multibyte_data@@@Z 0000000180017684     libucrt:mbctype.obj
 0004:00000690       $pdata$?setSBUpLow@@YAXPEAU__crt_multibyte_data@@@Z 0000000180017690     libucrt:mbctype.obj
 0004:0000069c       $pdata$?setmbcp_internal@@YAHH_N@Z 000000018001769c     libucrt:mbctype.obj
 0004:000006a8       $pdata$__acrt_initialize_multibyte 00000001800176a8     libucrt:mbctype.obj
 0004:000006b4       $pdata$__acrt_update_thread_multibyte_data 00000001800176b4     libucrt:mbctype.obj
 0004:000006c0       $pdata$_setmbcp_nolock     00000001800176c0     libucrt:mbctype.obj
 0004:000006cc       $pdata$?x_ismbbtype_l@@YAHPEAU__crt_locale_pointers@@IHH@Z 00000001800176cc     libucrt:ismbbyte.obj
 0004:000006d8       $pdata$__acrt_initialize_command_line 00000001800176d8     libucrt:argv_data.obj
 0004:000006e4       $pdata$__dcrt_get_narrow_environment_from_os 00000001800176e4     libucrt:get_environment_from_os.obj
 0004:000006f0       $pdata$_recalloc_base      00000001800176f0     libucrt:recalloc.obj
 0004:000006fc       $pdata$__acrt_initialize_heap 00000001800176fc     libucrt:heap_handle.obj
 0004:00000708       $pdata$?initialize_inherited_file_handles_nolock@@YAXXZ 0000000180017708     libucrt:ioinit.obj
 0004:00000714       $pdata$?initialize_stdio_handles_nolock@@YAXXZ 0000000180017714     libucrt:ioinit.obj
 0004:00000720       $pdata$__acrt_initialize_lowio 0000000180017720     libucrt:ioinit.obj
 0004:0000072c       $pdata$__acrt_uninitialize_lowio 000000018001772c     libucrt:ioinit.obj
 0004:00000738       $pdata$__acrt_execute_initializers 0000000180017738     libucrt:shared_initialization.obj
 0004:00000744       $pdata$__acrt_execute_uninitializers 0000000180017744     libucrt:shared_initialization.obj
 0004:00000750       $pdata$_callnewh           0000000180017750     libucrt:new_handler.obj
 0004:0000075c       $pdata$_query_new_handler  000000018001775c     libucrt:new_handler.obj
 0004:00000768       $pdata$??$?RV<lambda_c36588078e9f5dfd39652860aa6b3aaf>@@AEAV<lambda_ec61778202f4f5fc7e7711acc23c3bca>@@V<lambda_dc9d2797ccde5d239b4a0efae8ebd7db>@@@?$__crt_seh_guarded_call@P6AXH@Z@@QEAAP6AXH@Z$$QEAV<lambda_c36588078e9f5dfd39652860aa6b3aaf>@@AEAV<lambda_ec61778202f4f5fc7e7711acc23c3bca>@@$$QEAV<lambda_dc9d2797ccde5d239b4a0efae8ebd7db>@@@Z 0000000180017768     libucrt:signal.obj
 0004:00000774       $pdata$__acrt_get_sigabrt_handler 0000000180017774     libucrt:signal.obj
 0004:00000780       $pdata$raise               0000000180017780     libucrt:signal.obj
 0004:0000078c       $pdata$__acrt_invoke_user_matherr 000000018001778c     libucrt:matherr.obj
 0004:00000798       $pdata$_mbtowc_l           0000000180017798     libucrt:mbtowc.obj
 0004:000007a4       $pdata$__acrt_update_locale_info 00000001800177a4     libucrt:locale_update.obj
 0004:000007b0       $pdata$__acrt_update_multibyte_info 00000001800177b0     libucrt:locale_update.obj
 0004:000007bc       $pdata$_fileno             00000001800177bc     libucrt:fileno.obj
 0004:000007c8       $pdata$__acrt_initialize_stdio 00000001800177c8     libucrt:_file.obj
 0004:000007d4       $pdata$__acrt_uninitialize_stdio 00000001800177d4     libucrt:_file.obj
 0004:000007e0       $pdata$__acrt_uninitialize_locale 00000001800177e0     libucrt:wsetlocale.obj
 0004:000007ec       $pdata$__pctype_func       00000001800177ec     libucrt:ctype.obj
 0004:000007f8       $pdata$__acrt_free_locale  00000001800177f8     libucrt:locale_refcounting.obj
 0004:00000804       $pdata$__acrt_locale_free_lc_time_if_unreferenced 0000000180017804     libucrt:locale_refcounting.obj
 0004:00000810       $pdata$__acrt_release_locale_ref 0000000180017810     libucrt:locale_refcounting.obj
 0004:0000081c       $pdata$__acrt_update_thread_locale_data 000000018001781c     libucrt:locale_refcounting.obj
 0004:00000828       $pdata$_updatetlocinfoEx_nolock 0000000180017828     libucrt:locale_refcounting.obj
 0004:00000834       $pdata$?GetTableIndexFromLocaleName@@YAHPEB_W@Z 0000000180017834     libucrt:lcidtoname_downlevel.obj
 0004:00000840       $pdata$__acrt_DownlevelLocaleNameToLCID 0000000180017840     libucrt:lcidtoname_downlevel.obj
 0004:0000084c       $pdata$?shortsort@@YAXPEAD0_KP6AHPEBX2@Z@Z 000000018001784c     libucrt:qsort.obj
 0004:00000858       $pdata$2$?shortsort@@YAXPEAD0_KP6AHPEBX2@Z@Z 0000000180017858     libucrt:qsort.obj
 0004:00000864       $pdata$3$?shortsort@@YAXPEAD0_KP6AHPEBX2@Z@Z 0000000180017864     libucrt:qsort.obj
 0004:00000870       $pdata$qsort               0000000180017870     libucrt:qsort.obj
 0004:0000087c       $pdata$4$qsort             000000018001787c     libucrt:qsort.obj
 0004:00000888       $pdata$5$qsort             0000000180017888     libucrt:qsort.obj
 0004:00000894       $pdata$strncpy_s           0000000180017894     libucrt:strncpy_s.obj
 0004:000008a0       $pdata$strpbrk             00000001800178a0     libucrt:strpbrk.obj
 0004:000008ac       $pdata$_mbsdec_l           00000001800178ac     libucrt:mbsdec.obj
 0004:000008b8       $pdata$?initialize_multibyte@@YAHXZ 00000001800178b8     libucrt:multibyte_initializer.obj
 0004:000008c4       $pdata$__acrt_GetStringTypeA 00000001800178c4     libucrt:getstringtypea.obj
 0004:000008d0       $pdata$?__acrt_LCMapStringA_stat@@YAHPEAU__crt_locale_pointers@@PEB_WKPEBDHPEADHHH@Z 00000001800178d0     libucrt:lcmapstringa.obj
 0004:000008dc       $pdata$__acrt_LCMapStringA 00000001800178dc     libucrt:lcmapstringa.obj
 0004:000008e8       $pdata$_msize              00000001800178e8     libucrt:msize.obj
 0004:000008f4       $pdata$_realloc_base       00000001800178f4     libucrt:realloc_base.obj
 0004:00000900       $pdata$__acrt_lowio_create_handle_array 0000000180017900     libucrt:osfinfo.obj
 0004:0000090c       $pdata$__acrt_lowio_destroy_handle_array 000000018001790c     libucrt:osfinfo.obj
 0004:00000918       $pdata$__acrt_lowio_ensure_fh_exists 0000000180017918     libucrt:osfinfo.obj
 0004:00000924       $pdata$_free_osfhnd        0000000180017924     libucrt:osfinfo.obj
 0004:00000930       $pdata$_get_osfhandle      0000000180017930     libucrt:osfinfo.obj
 0004:0000093c       $pdata$_isatty             000000018001793c     libucrt:isatty.obj
 0004:00000948       $pdata$__acrt_stdio_flush_nolock 0000000180017948     libucrt:fflush.obj
 0004:00000954       $pdata$_fflush_nolock      0000000180017954     libucrt:fflush.obj
 0004:00000960       $pdata$common_flush_all    0000000180017960     libucrt:fflush.obj
 0004:0000096c       $pdata$_isleadbyte_l       000000018001796c     libucrt:_wctype.obj
 0004:00000978       $pdata$_fcloseall          0000000180017978     libucrt:closeall.obj
 0004:00000984       $pdata$__acrt_stdio_free_buffer_nolock 0000000180017984     libucrt:_freebuf.obj
 0004:00000990       $pdata$__acrt_locale_free_monetary 0000000180017990     libucrt:initmon.obj
 0004:0000099c       $pdata$__acrt_locale_free_numeric 000000018001799c     libucrt:initnum.obj
 0004:000009a8       $pdata$?free_crt_array_internal@@YAXQEAPEBX_K@Z 00000001800179a8     libucrt:inittime.obj
 0004:000009b4       $pdata$__acrt_locale_free_time 00000001800179b4     libucrt:inittime.obj
 0004:000009c0       $pdata$??$?RV<lambda_b521505b218e5242e90febf6bfebc422>@@AEAV<lambda_6978c1fb23f02e42e1d9e99668cc68aa>@@V<lambda_314360699dd331753a4119843814e9a7>@@@?$__crt_seh_guarded_call@H@@QEAAH$$QEAV<lambda_b521505b218e5242e90febf6bfebc422>@@AEAV<lambda_6978c1fb23f02e42e1d9e99668cc68aa>@@$$QEAV<lambda_314360699dd331753a4119843814e9a7>@@@Z 00000001800179c0     libucrt:commit.obj
 0004:000009cc       $pdata$_commit             00000001800179cc     libucrt:commit.obj
 0004:000009d8       $pdata$?write_double_translated_ansi_nolock@@YA?AUwrite_result@?A0x9c548279@@HQEBDI@Z 00000001800179d8     libucrt:write.obj
 0004:000009e4       $pdata$?write_text_ansi_nolock@@YA?AUwrite_result@?A0x9c548279@@HQEBDI@Z 00000001800179e4     libucrt:write.obj
 0004:000009f0       $pdata$?write_text_utf16le_nolock@@YA?AUwrite_result@?A0x9c548279@@HQEBDI@Z 00000001800179f0     libucrt:write.obj
 0004:000009fc       $pdata$?write_text_utf8_nolock@@YA?AUwrite_result@?A0x9c548279@@HQEBDI@Z 00000001800179fc     libucrt:write.obj
 0004:00000a08       $pdata$_write              0000000180017a08     libucrt:write.obj
 0004:00000a14       $pdata$_write_nolock       0000000180017a14     libucrt:write.obj
 0004:00000a2c       $pdata$??$common_lseek_nolock@_J@@YA_JH_JH@Z 0000000180017a2c     libucrt:lseek.obj
 0004:00000a38       $pdata$_fclose_nolock      0000000180017a38     libucrt:fclose.obj
 0004:00000a44       $pdata$fclose              0000000180017a44     libucrt:fclose.obj
 0004:00000a50       $pdata$_putwch_nolock      0000000180017a50     libucrt:putwch.obj
 0004:00000a5c       $pdata$_call_matherr       0000000180017a5c     libucrt:libm_error.obj
 0004:00000a68       $pdata$_exception_enabled  0000000180017a68     libucrt:libm_error.obj
 0004:00000a74       $pdata$_handle_error       0000000180017a74     libucrt:libm_error.obj
 0004:00000a80       $pdata$__acrt_initialize_fma3 0000000180017a80     libucrt:fma3_available.obj
 0004:00000a8c       $pdata$_log10_special      0000000180017a8c     libucrt:log_special.obj
 0004:00000a98       $pdata$_log_special_common 0000000180017a98     libucrt:log_special.obj
 0004:00000aa4       $pdata$??$?RV<lambda_bfedae4ebbf01fab1bb6dcc6a9e276e0>@@AEAV<lambda_2fe9b910cf3cbf4a0ab98a02ba45b3ec>@@V<lambda_237c231691f317818eb88cc1d5d642d6>@@@?$__crt_seh_guarded_call@H@@QEAAH$$QEAV<lambda_bfedae4ebbf01fab1bb6dcc6a9e276e0>@@AEAV<lambda_2fe9b910cf3cbf4a0ab98a02ba45b3ec>@@$$QEAV<lambda_237c231691f317818eb88cc1d5d642d6>@@@Z 0000000180017aa4     libucrt:close.obj
 0004:00000ab0       $pdata$_close              0000000180017ab0     libucrt:close.obj
 0004:00000abc       $pdata$_close_nolock       0000000180017abc     libucrt:close.obj
 0004:00000ac8       $pdata$__dcrt_lowio_initialize_console_output 0000000180017ac8     libucrt:initcon.obj
 0004:00000ad4       $pdata$__dcrt_terminate_console_output 0000000180017ad4     libucrt:initcon.obj
 0004:00000aec       $pdata$_raise_exc          0000000180017aec     libucrt:fpexcept.obj
 0004:00000af8       $pdata$_raise_exc_ex       0000000180017af8     libucrt:fpexcept.obj
 0004:00000b04       $pdata$_set_errno_from_matherr 0000000180017b04     libucrt:fpexcept.obj
 0004:00000b10       $pdata$_clrfp              0000000180017b10     libucrt:fpctrl.obj
 0004:00000b1c       $pdata$_ctrlfp             0000000180017b1c     libucrt:fpctrl.obj
 0004:00000b28       $pdata$_set_statfp         0000000180017b28     libucrt:fpctrl.obj
 0004:00000b34       $pdata$_statfp             0000000180017b34     libucrt:fpctrl.obj
 0004:00000b40       $pdata$__GSHandlerCheck    0000000180017b40     LIBCMT:_gshandler_.obj
 0004:00000b4c       $pdata$__GSHandlerCheckCommon 0000000180017b4c     LIBCMT:_gshandler_.obj
 0004:00000b64       $pdata$_IsNonwritableInCurrentImage 0000000180017b64     LIBCMT:pesect.obj
 0004:00000b70       $pdata$__raise_securityfailure 0000000180017b70     LIBCMT:gs_report.obj
 0004:00000b7c       $pdata$__report_gsfailure  0000000180017b7c     LIBCMT:gs_report.obj
 0004:00000b88       $pdata$__report_rangecheckfailure 0000000180017b88     LIBCMT:gs_report.obj
 0004:00000b94       $pdata$__report_securityfailure 0000000180017b94     LIBCMT:gs_report.obj
 0004:00000ba0       $pdata$capture_current_context 0000000180017ba0     LIBCMT:gs_report.obj
 0004:00000bac       $pdata$capture_previous_context 0000000180017bac     LIBCMT:gs_report.obj
 0004:00000be8       $pdata$?fin$0@?0??dllmain_crt_process_attach@@YAHQEAUHINSTANCE__@@QEAX@Z@4HA 0000000180017be8     LIBCMT:dll_dllmain.obj
 0004:00000bf4       $pdata$?fin$0@?0??dllmain_crt_process_detach@@YAH_N@Z@4HA 0000000180017bf4     LIBCMT:dll_dllmain.obj
 0004:00000c00       $pdata$?filt$0@?0??dllmain_dispatch@@YAHQEAUHINSTANCE__@@KQEAX@Z@4HA 0000000180017c00     LIBCMT:dll_dllmain.obj
 0004:00000c0c       $pdata$__scrt_is_nonwritable_in_current_image$filt$0 0000000180017c0c     LIBCMT:utility.obj
 0004:00000c18       $pdata$?filt$0@?0??common_exit@@YAXHW4_crt_exit_cleanup_mode@@W4_crt_exit_return_mode@@@Z@4HA 0000000180017c18     libucrt:exit.obj
 0004:00000c24       $pdata$?fin$1@?0??common_exit@@YAXHW4_crt_exit_cleanup_mode@@W4_crt_exit_return_mode@@@Z@4HA 0000000180017c24     libucrt:exit.obj
 0004:00000c30       $pdata$?fin$0@?0???$?RV<lambda_b8c45f8f788dd370798f47cfe8ac3a86>@@AEAV<lambda_4e60a939b0d047cfe11ddc22648dfba9>@@V<lambda_332c3edc96d0294ec56c57d38c1cdfd5>@@@?$__crt_seh_guarded_call@H@@QEAAH$$QEAV<lambda_b8c45f8f788dd370798f47cfe8ac3a86>@@AEAV<lambda_4e60a939b0d047cfe11ddc22648dfba9>@@$$QEAV<lambda_332c3edc96d0294ec56c57d38c1cdfd5>@@@Z@4HA 0000000180017c30     libucrt:onexit.obj
 0004:00000c3c       $pdata$?fin$0@?0???$?RV<lambda_e24bbb7b643b32fcea6fa61b31d4c984>@@AEAV<lambda_275893d493268fdec8709772e3fcec0e>@@V<lambda_9d71df4d7cf3f480f8d633942495c3b0>@@@?$__crt_seh_guarded_call@H@@QEAAH$$QEAV<lambda_e24bbb7b643b32fcea6fa61b31d4c984>@@AEAV<lambda_275893d493268fdec8709772e3fcec0e>@@$$QEAV<lambda_9d71df4d7cf3f480f8d633942495c3b0>@@@Z@4HA 0000000180017c3c     libucrt:onexit.obj
 0004:00000c48       $pdata$?fin$0@?0???$?RV<lambda_46352004c1216016012b18bd6f87e700>@@AEAV<lambda_3bd07e1a1191394380780325891bf33f>@@V<lambda_334532d3f185bcaa59b5be82d7d22bff>@@@?$__crt_seh_guarded_call@X@@QEAAX$$QEAV<lambda_46352004c1216016012b18bd6f87e700>@@AEAV<lambda_3bd07e1a1191394380780325891bf33f>@@$$QEAV<lambda_334532d3f185bcaa59b5be82d7d22bff>@@@Z@4HA 0000000180017c48     libucrt:per_thread_data.obj
 0004:00000c54       $pdata$?fin$0@?0???$?RV<lambda_5e887d1dcbef67a5eb4283622ba103bf>@@AEAV<lambda_4466841279450cc726390878d4a41900>@@V<lambda_341c25c0346d94847f1f3c463c57e077>@@@?$__crt_seh_guarded_call@X@@QEAAX$$QEAV<lambda_5e887d1dcbef67a5eb4283622ba103bf>@@AEAV<lambda_4466841279450cc726390878d4a41900>@@$$QEAV<lambda_341c25c0346d94847f1f3c463c57e077>@@@Z@4HA 0000000180017c54     libucrt:per_thread_data.obj
 0004:00000c60       $pdata$?fin$0@?0???$?RV<lambda_72d1df2b273a38828b1ce30cbf4cdab5>@@AEAV<lambda_876a65b173b8412d3a47c70a915b0cf4>@@V<lambda_41932305e351933ebe8f8be3ed8bb5dc>@@@?$__crt_seh_guarded_call@X@@QEAAX$$QEAV<lambda_72d1df2b273a38828b1ce30cbf4cdab5>@@AEAV<lambda_876a65b173b8412d3a47c70a915b0cf4>@@$$QEAV<lambda_41932305e351933ebe8f8be3ed8bb5dc>@@@Z@4HA 0000000180017c60     libucrt:per_thread_data.obj
 0004:00000c6c       $pdata$?fin$0@?0???$?RV<lambda_fb3a7dec4e47f37f22dae91bb15c9095>@@AEAV<lambda_698284760c8add0bfb0756c19673e34b>@@V<lambda_dfb8eca1e75fef3034a8fb18dd509707>@@@?$__crt_seh_guarded_call@X@@QEAAX$$QEAV<lambda_fb3a7dec4e47f37f22dae91bb15c9095>@@AEAV<lambda_698284760c8add0bfb0756c19673e34b>@@$$QEAV<lambda_dfb8eca1e75fef3034a8fb18dd509707>@@@Z@4HA 0000000180017c6c     libucrt:per_thread_data.obj
 0004:00000c78       $pdata$?fin$0@?0???$?RV<lambda_99476a1ad63dd22509b5d3e65b0ffc95>@@AEAV<lambda_ad1ced32f4ac17aa236e5ef05d6b3b7c>@@V<lambda_f7424dd8d45958661754dc4f2697e9c3>@@@?$__crt_seh_guarded_call@X@@QEAAX$$QEAV<lambda_99476a1ad63dd22509b5d3e65b0ffc95>@@AEAV<lambda_ad1ced32f4ac17aa236e5ef05d6b3b7c>@@$$QEAV<lambda_f7424dd8d45958661754dc4f2697e9c3>@@@Z@4HA 0000000180017c78     libucrt:mbctype.obj
 0004:00000c84       $pdata$__acrt_update_thread_multibyte_data$fin$0 0000000180017c84     libucrt:mbctype.obj
 0004:00000c90       $pdata$__acrt_initialize_lowio$fin$0 0000000180017c90     libucrt:ioinit.obj
 0004:00000c9c       $pdata$_query_new_handler$fin$0 0000000180017c9c     libucrt:new_handler.obj
 0004:00000ca8       $pdata$?fin$0@?0???$?RV<lambda_c36588078e9f5dfd39652860aa6b3aaf>@@AEAV<lambda_ec61778202f4f5fc7e7711acc23c3bca>@@V<lambda_dc9d2797ccde5d239b4a0efae8ebd7db>@@@?$__crt_seh_guarded_call@P6AXH@Z@@QEAAP6AXH@Z$$QEAV<lambda_c36588078e9f5dfd39652860aa6b3aaf>@@AEAV<lambda_ec61778202f4f5fc7e7711acc23c3bca>@@$$QEAV<lambda_dc9d2797ccde5d239b4a0efae8ebd7db>@@@Z@4HA 0000000180017ca8     libucrt:signal.obj
 0004:00000cb4       $pdata$raise$fin$0         0000000180017cb4     libucrt:signal.obj
 0004:00000cc0       $pdata$__acrt_uninitialize_locale$fin$0 0000000180017cc0     libucrt:wsetlocale.obj
 0004:00000ccc       $pdata$__acrt_update_thread_locale_data$fin$0 0000000180017ccc     libucrt:locale_refcounting.obj
 0004:00000cd8       $pdata$__acrt_lowio_ensure_fh_exists$fin$0 0000000180017cd8     libucrt:osfinfo.obj
 0004:00000ce4       $pdata$common_flush_all$fin$0 0000000180017ce4     libucrt:fflush.obj
 0004:00000cf0       $pdata$common_flush_all$fin$1 0000000180017cf0     libucrt:fflush.obj
 0004:00000cfc       $pdata$_fcloseall$fin$0    0000000180017cfc     libucrt:closeall.obj
 0004:00000d08       $pdata$?fin$0@?0???$?RV<lambda_b521505b218e5242e90febf6bfebc422>@@AEAV<lambda_6978c1fb23f02e42e1d9e99668cc68aa>@@V<lambda_314360699dd331753a4119843814e9a7>@@@?$__crt_seh_guarded_call@H@@QEAAH$$QEAV<lambda_b521505b218e5242e90febf6bfebc422>@@AEAV<lambda_6978c1fb23f02e42e1d9e99668cc68aa>@@$$QEAV<lambda_314360699dd331753a4119843814e9a7>@@@Z@4HA 0000000180017d08     libucrt:commit.obj
 0004:00000d14       $pdata$_write$fin$0        0000000180017d14     libucrt:write.obj
 0004:00000d20       $pdata$fclose$fin$0        0000000180017d20     libucrt:fclose.obj
 0004:00000d2c       $pdata$?fin$0@?0???$?RV<lambda_bfedae4ebbf01fab1bb6dcc6a9e276e0>@@AEAV<lambda_2fe9b910cf3cbf4a0ab98a02ba45b3ec>@@V<lambda_237c231691f317818eb88cc1d5d642d6>@@@?$__crt_seh_guarded_call@H@@QEAAH$$QEAV<lambda_bfedae4ebbf01fab1bb6dcc6a9e276e0>@@AEAV<lambda_2fe9b910cf3cbf4a0ab98a02ba45b3ec>@@$$QEAV<lambda_237c231691f317818eb88cc1d5d642d6>@@@Z@4HA 0000000180017d2c     libucrt:close.obj
 0004:00000d38       $pdata$_ctrlfp$filt$0      0000000180017d38     libucrt:fpctrl.obj
 0004:00000d44       $pdata$_IsNonwritableInCurrentImage$filt$0 0000000180017d44     LIBCMT:pesect.obj
 0005:00000000       __guard_fids__             0000000180018000     libucrt:initialization.obj
 0005:00000060       __guard_fids___acrt_initialize_ptd 0000000180018060     libucrt:per_thread_data.obj
 0005:00000064       __guard_fids_??$expand_argument_wildcards@D@@YAHQEAD0AEAV?$argument_list@D@?A0xca0879c4@@@Z 0000000180018064     libucrt:argv_wildcards.obj
 0005:00000068       __guard_fids__             0000000180018068     libucrt:multibyte_initializer.obj
 0005:0000006c       __guard_fids__             000000018001806c     libucrt:stdio_initializer.obj
 0005:00000070       __guard_fids__             0000000180018070     libucrt:stdio_initializer.obj
 0005:00000074       __guard_fids__             0000000180018074     libucrt:locale_initializer.obj
 0005:00000078       __guard_fids__             0000000180018078     libucrt:fma3_initializer.obj
 0005:0000007c       __guard_fids__             000000018001807c     libucrt:console_output_initializer.obj
 0005:00000080       __guard_fids_?dllmain_crt_process_attach@@YAHQEAUHINSTANCE__@@QEAX@Z 0000000180018080     LIBCMT:dll_dllmain.obj
 0005:00000088       __guard_fids_?dllmain_dispatch@@YAHQEAUHINSTANCE__@@KQEAX@Z 0000000180018088     LIBCMT:dll_dllmain.obj
 0005:0000008c       __guard_fids__             000000018001808c     LIBCMT:guard_support.obj
 0005:00000090       __guard_fids__             0000000180018090     libvcruntime:telemetry.obj
 0005:00000094       __guard_fids_?TraceLoggingRegister@__vcrt_trace_logging_provider@@YAJPEBU_TlgProvider_t@1@PEBU_GUID@@P6AX1KE_K2PEAU_EVENT_FILTER_DESCRIPTOR@@PEAX@Z4@Z 0000000180018094     libvcruntime:telemetry.obj
 0005:00000098       __guard_fids___vcrt_initialize_ptd 0000000180018098     libvcruntime:per_thread_data.obj
